#set page(width: auto, height: auto, margin: 8pt)
#set text(size: 10pt)
#import "/blockcell/lib.typ": *

#record-layout(
  title: [Service config],
  records: (
    (x: 6.00pt, y: 21.08pt, rows: ((key: [service], value: []),)),
    (x: 81.55pt, y: 3.51pt, rows: ((key: [name], value: ["ingest"]), (key: [version], value: ["1.4.2"]), (key: [limits], value: []), (key: [endpoints], value: []))),
    (x: 190.99pt, y: 3.00pt, rows: ((key: [rps], value: [500]), (key: [burst], value: [1500]), (key: [concurrency], value: [32]))),
    (x: 190.99pt, y: 43.74pt, rows: ((key: [ingest], value: ["\/v1\/events"]), (key: [health], value: ["\/healthz"]))),
  ),
  edges: (
    (from: 0, from-row: 0, to: 1, path: ((c1: (70.44pt, 26.81pt), c2: (72.66pt, 26.54pt), end: (81.55pt, 26.54pt)),)),
    (from: 1, from-row: 2, to: 2, path: ((c1: (181.36pt, 32.39pt), c2: (180.62pt, 20.37pt), end: (190.99pt, 20.37pt)),)),
    (from: 1, from-row: 3, to: 3, path: ((c1: (181.24pt, 43.84pt), c2: (180.74pt, 55.32pt), end: (190.99pt, 55.32pt)),)),
  ),
)
