#set page(width: auto, height: auto, margin: 8pt)
#set text(size: 10pt)
#import "/blockcell/lib.typ": *

#record-layout(
  title: [Person record],
  records: (
    (x: 6.00pt, y: 3.00pt, rows: ((key: [firstName], value: ["John"]), (key: [lastName], value: ["Smith"]), (key: [isAlive], value: [☑ true]), (key: [age], value: [28]), (key: [address], value: []), (key: [phoneNumbers], value: []), (key: [children], value: []), (key: [spouse], value: [␀]))),
    (x: 148.50pt, y: 21.25pt, rows: ((key: [streetAddress], value: ["21 2nd Street"]), (key: [city], value: ["New York"]), (key: [postalCode], value: ["10021-3100"]))),
    (x: 148.50pt, y: 78.25pt, rows: ((key: [0], value: []), (key: [1], value: []))),
    (x: 341.00pt, y: 56.12pt, rows: ((key: [type], value: ["home"]), (key: [number], value: ["212 555-1234"]))),
    (x: 341.00pt, y: 98.25pt, rows: ((key: [type], value: ["office"]), (key: [number], value: ["646 555-4567"]))),
  ),
  edges: (
    (from: 0, from-row: 4, to: 1, path: ((c1: (143.85pt, 79.50pt), c2: (133.15pt, 46.75pt), end: (148.50pt, 46.75pt)),)),
    (from: 0, from-row: 5, to: 2, path: ((c1: (136.52pt, 96.50pt), c2: (140.48pt, 95.25pt), end: (148.50pt, 95.25pt)),)),
    (from: 2, from-row: 0, to: 3, path: ((c1: (208.50pt, 86.75pt), c2: (311.00pt, 73.12pt), end: (341.00pt, 73.12pt)),)),
    (from: 2, from-row: 1, to: 4, path: ((c1: (208.50pt, 103.75pt), c2: (311.00pt, 115.25pt), end: (341.00pt, 115.25pt)),)),
  ),
)
