#set page(width: auto, height: auto, margin: 8pt)
#set text(size: 10pt)
#import "/blockcell/lib.typ": *

#cuca-layout(
  classes: (
    (x: 33.53pt, y: 97.58pt, width: 24.00pt, height: 47.58pt, kind: "actor", name: [User], fields: (), methods: ()),
    (x: 70.19pt, y: 16.67pt, width: 27.92pt, height: 47.58pt, kind: "actor", name: [Admin], fields: (), methods: ()),
    (x: 8.33pt, y: 178.49pt, width: 74.40pt, height: 28.00pt, kind: "usecase", name: [View Profile], fields: (), methods: ()),
    (x: 74.20pt, y: 97.58pt, width: 97.14pt, height: 28.00pt, kind: "usecase", name: [Manage Accounts], fields: (), methods: ()),
  ),
  edges: (
    (from: 1, to: 0, head-from: "none", head-to: "triangle-open", style: "solid", from-side: "bot", to-side: "top", from-x: 84.15pt, to-x: 45.53pt, path: ((c1: (71.28pt, 75.36pt), c2: (58.41pt, 86.47pt), end: (45.53pt, 97.58pt)),)),
    (from: 0, to: 2, head-from: "none", head-to: "arrow-open", style: "solid", from-side: "bot", to-side: "top", from-x: 45.53pt, to-x: 45.53pt, path: ((c1: (45.53pt, 156.27pt), c2: (45.53pt, 167.38pt), end: (45.53pt, 178.49pt)),)),
    (from: 1, to: 3, head-from: "none", head-to: "arrow-open", style: "solid", from-side: "bot", to-side: "top", from-x: 84.15pt, to-x: 122.77pt, path: ((c1: (97.02pt, 75.36pt), c2: (109.90pt, 86.47pt), end: (122.77pt, 97.58pt)),)),
  ),
)
