#set page(width: auto, height: auto, margin: 8pt)
#set text(size: 10pt)
#import "/blockcell/lib.typ": *

#cuca-layout(
  direction: "lr",
  classes: (
    (x: 18.00pt, y: 34.21pt, width: 24.00pt, height: 47.58pt, kind: "actor", name: [User], fields: (), methods: ()),
    (x: 138.15pt, y: 44.00pt, width: 71.90pt, height: 28.00pt, kind: "usecase", name: [Place Order], fields: (), methods: ()),
    (x: 246.05pt, y: 15.00pt, width: 79.33pt, height: 28.00pt, kind: "usecase", name: [Validate Card], fields: (), methods: ()),
    (x: 18.00pt, y: 111.79pt, width: 84.15pt, height: 28.00pt, kind: "usecase", name: [Apply Coupon], fields: (), methods: ()),
    (x: 246.05pt, y: 75.45pt, width: 93.85pt, height: 28.00pt, kind: "usecase", name: [Generate Receipt], fields: (), methods: ()),
  ),
  edges: (
    (from: 0, to: 1, head-from: "none", head-to: "arrow-open", style: "solid", from-side: "right", to-side: "left", from-y: 58.00pt, to-y: 58.00pt, path: ((c1: (74.05pt, 58.00pt), c2: (106.10pt, 58.00pt), end: (138.15pt, 58.00pt)),)),
    (from: 1, to: 2, head-from: "none", head-to: "arrow-open", style: "dashed", from-side: "right", to-side: "left", from-y: 58.00pt, to-y: 29.00pt, label: [\<\<include\>\>], path: ((c1: (222.05pt, 48.33pt), c2: (234.05pt, 38.67pt), end: (246.05pt, 29.00pt)),)),
    (from: 1, to: 4, head-from: "none", head-to: "arrow-open", style: "dashed", from-side: "right", to-side: "left", from-y: 58.00pt, to-y: 89.45pt, label: [\<\<include\>\>], path: ((c1: (222.05pt, 68.48pt), c2: (234.05pt, 78.96pt), end: (246.05pt, 89.45pt)),)),
    (from: 3, to: 1, head-from: "none", head-to: "arrow-open", style: "dashed", from-side: "right", to-side: "left", from-y: 125.79pt, to-y: 67.80pt, label: [\<\<extends\>\>], path: ((c1: (114.15pt, 106.46pt), c2: (126.15pt, 87.13pt), end: (138.15pt, 67.80pt)),)),
  ),
)
