#set page(width: auto, height: auto, margin: 8pt)
#set text(size: 10pt)
#import "/blockcell/lib.typ": *

#align(center)[*Shared use cases across actors*]

#cuca-layout(
  direction: "lr",
  classes: (
    (x: 18.00pt, y: 48.21pt, width: 31.21pt, height: 47.58pt, kind: "actor", name: [Cashier], fields: (), methods: ()),
    (x: 18.00pt, y: 164.21pt, width: 36.14pt, height: 47.58pt, kind: "actor", name: [Manager], fields: (), methods: ()),
    (x: 18.00pt, y: 241.79pt, width: 31.61pt, height: 47.58pt, kind: "actor", name: [Auditor], fields: (), methods: ()),
    (x: 110.69pt, y: 29.00pt, width: 74.08pt, height: 28.00pt, kind: "usecase", name: [Ring up sale], fields: (), methods: ()),
    (x: 110.69pt, y: 87.00pt, width: 53.23pt, height: 28.00pt, kind: "usecase", name: [Refund], fields: (), methods: ()),
    (x: 115.62pt, y: 145.00pt, width: 80.08pt, height: 28.00pt, kind: "usecase", name: [Close register], fields: (), methods: ()),
    (x: 115.62pt, y: 212.79pt, width: 72.89pt, height: 28.00pt, kind: "usecase", name: [View report], fields: (), methods: ()),
  ),
  packages: (
    (x: 73.21pt, y: 3.00pt, w: 148.49pt, h: 263.79pt, kind: "package", label: [Point of Sale]),
  ),
  edges: (
    (from: 0, to: 3, head-from: "none", head-to: "arrow-open", style: "solid", from-side: "right", to-side: "left", from-y: 72.00pt, to-y: 43.00pt, path: ((c1: (69.70pt, 62.33pt), c2: (90.20pt, 52.67pt), end: (110.69pt, 43.00pt)),)),
    (from: 0, to: 4, head-from: "none", head-to: "arrow-open", style: "solid", from-side: "right", to-side: "left", from-y: 72.00pt, to-y: 101.00pt, path: ((c1: (69.70pt, 81.67pt), c2: (90.20pt, 91.33pt), end: (110.69pt, 101.00pt)),)),
    (from: 1, to: 5, head-from: "none", head-to: "arrow-open", style: "solid", from-side: "right", to-side: "left", from-y: 188.00pt, to-y: 159.00pt, path: ((c1: (74.63pt, 178.33pt), c2: (95.13pt, 168.67pt), end: (115.62pt, 159.00pt)),)),
    (from: 1, to: 6, head-from: "none", head-to: "arrow-open", style: "solid", from-side: "right", to-side: "left", from-y: 188.00pt, to-y: 216.99pt, path: ((c1: (74.63pt, 197.66pt), c2: (95.13pt, 207.33pt), end: (115.62pt, 216.99pt)),)),
    (from: 2, to: 6, head-from: "none", head-to: "arrow-open", style: "solid", from-side: "right", to-side: "left", from-y: 265.58pt, to-y: 236.59pt, path: ((c1: (71.61pt, 255.92pt), c2: (93.62pt, 246.25pt), end: (115.62pt, 236.59pt)),)),
  ),
)
