#set page(width: auto, height: auto, margin: 8pt)
#set text(size: 10pt)
#import "/blockcell/lib.typ": *

#align(center)[*Shared use cases across actors*]

#cuca-layout(
  direction: "lr",
  classes: (
    (x: 18.00pt, y: 34.21pt, width: 31.21pt, height: 47.58pt, kind: "actor", name: [Cashier], fields: (), methods: ()),
    (x: 18.00pt, y: 150.21pt, width: 36.14pt, height: 47.58pt, kind: "actor", name: [Manager], fields: (), methods: ()),
    (x: 18.00pt, y: 227.79pt, width: 31.61pt, height: 47.58pt, kind: "actor", name: [Auditor], fields: (), methods: ()),
    (x: 85.21pt, y: 15.00pt, width: 74.08pt, height: 28.00pt, kind: "usecase", name: [Ring up sale], fields: (), methods: ()),
    (x: 85.21pt, y: 73.00pt, width: 53.23pt, height: 28.00pt, kind: "usecase", name: [Refund], fields: (), methods: ()),
    (x: 90.14pt, y: 131.00pt, width: 80.08pt, height: 28.00pt, kind: "usecase", name: [Close register], fields: (), methods: ()),
    (x: 90.14pt, y: 198.79pt, width: 72.89pt, height: 28.00pt, kind: "usecase", name: [View report], fields: (), methods: ()),
  ),
  packages: (
    (x: 47.73pt, y: -11.00pt, w: 148.49pt, h: 263.79pt, kind: "package", label: [Point of Sale]),
  ),
  edges: (
    (from: 0, to: 3, head-from: "none", head-to: "arrow-open", style: "solid", from-side: "right", to-side: "left", path: ((c1: (53.21pt, 58.00pt), c2: (57.21pt, 58.00pt), end: (61.21pt, 58.00pt)), (c1: (69.21pt, 58.00pt), c2: (65.21pt, 29.00pt), end: (73.21pt, 29.00pt)), (c1: (77.21pt, 29.00pt), c2: (81.21pt, 29.00pt), end: (85.21pt, 29.00pt)))),
    (from: 0, to: 4, head-from: "none", head-to: "arrow-open", style: "solid", from-side: "right", to-side: "left", path: ((c1: (53.21pt, 58.00pt), c2: (57.21pt, 58.00pt), end: (61.21pt, 58.00pt)), (c1: (69.21pt, 58.00pt), c2: (65.21pt, 87.00pt), end: (73.21pt, 87.00pt)), (c1: (77.21pt, 87.00pt), c2: (81.21pt, 87.00pt), end: (85.21pt, 87.00pt)))),
    (from: 1, to: 5, head-from: "none", head-to: "arrow-open", style: "solid", from-side: "right", to-side: "left", path: ((c1: (58.14pt, 174.00pt), c2: (62.14pt, 174.00pt), end: (66.14pt, 174.00pt)), (c1: (74.14pt, 174.00pt), c2: (70.14pt, 145.00pt), end: (78.14pt, 145.00pt)), (c1: (82.14pt, 145.00pt), c2: (86.14pt, 145.00pt), end: (90.14pt, 145.00pt)))),
    (from: 1, to: 6, head-from: "none", head-to: "arrow-open", style: "solid", from-side: "right", to-side: "left", path: ((c1: (58.14pt, 174.00pt), c2: (62.14pt, 174.00pt), end: (66.14pt, 174.00pt)), (c1: (74.14pt, 174.00pt), c2: (70.14pt, 212.79pt), end: (78.14pt, 212.79pt)), (c1: (82.14pt, 212.79pt), c2: (86.14pt, 212.79pt), end: (90.14pt, 212.79pt)))),
    (from: 2, to: 6, head-from: "none", head-to: "arrow-open", style: "solid", from-side: "right", to-side: "left", path: ((c1: (53.61pt, 251.58pt), c2: (57.61pt, 251.58pt), end: (61.61pt, 251.58pt)), (c1: (69.88pt, 251.58pt), c2: (69.88pt, 212.79pt), end: (78.14pt, 212.79pt)), (c1: (82.14pt, 212.79pt), c2: (86.14pt, 212.79pt), end: (90.14pt, 212.79pt)))),
  ),
)
