#set page(width: auto, height: auto, margin: 8pt)
#set text(size: 10pt)
#import "/blockcell/lib.typ": *

#align(center)[*Shared use cases across actors*]

#cuca-layout(
  direction: "lr",
  classes: (
    (x: 18.00pt, y: 34.21pt, width: 31.21pt, height: 47.58pt, kind: "actor", name: [Cashier], fields: (), methods: ()),
    (x: 18.00pt, y: 150.21pt, width: 36.14pt, height: 47.58pt, kind: "actor", name: [Manager], fields: (), methods: ()),
    (x: 18.00pt, y: 227.79pt, width: 31.61pt, height: 47.58pt, kind: "actor", name: [Auditor], fields: (), methods: ()),
    (x: 109.62pt, y: 15.00pt, width: 74.08pt, height: 28.00pt, kind: "usecase", name: [Ring up sale], fields: (), methods: ()),
    (x: 109.62pt, y: 73.00pt, width: 53.23pt, height: 28.00pt, kind: "usecase", name: [Refund], fields: (), methods: ()),
    (x: 114.55pt, y: 131.00pt, width: 80.08pt, height: 28.00pt, kind: "usecase", name: [Close register], fields: (), methods: ()),
    (x: 114.55pt, y: 198.79pt, width: 72.89pt, height: 28.00pt, kind: "usecase", name: [View report], fields: (), methods: ()),
  ),
  packages: (
    (x: 72.14pt, y: -11.00pt, w: 148.49pt, h: 263.79pt, kind: "package", label: [Point of Sale]),
  ),
  edges: (
    (from: 0, to: 3, head-from: "none", head-to: "arrow-open", style: "solid", from-side: "right", to-side: "left", from-y: 58.00pt, to-y: 29.00pt, path: ((c1: (69.35pt, 48.33pt), c2: (89.49pt, 38.67pt), end: (109.62pt, 29.00pt)),)),
    (from: 0, to: 4, head-from: "none", head-to: "arrow-open", style: "solid", from-side: "right", to-side: "left", from-y: 58.00pt, to-y: 87.00pt, path: ((c1: (69.35pt, 67.67pt), c2: (89.49pt, 77.33pt), end: (109.62pt, 87.00pt)),)),
    (from: 1, to: 5, head-from: "none", head-to: "arrow-open", style: "solid", from-side: "right", to-side: "left", from-y: 174.00pt, to-y: 145.00pt, path: ((c1: (74.28pt, 164.33pt), c2: (94.42pt, 154.67pt), end: (114.55pt, 145.00pt)),)),
    (from: 1, to: 6, head-from: "none", head-to: "arrow-open", style: "solid", from-side: "right", to-side: "left", from-y: 174.00pt, to-y: 202.99pt, path: ((c1: (74.28pt, 183.66pt), c2: (94.42pt, 193.33pt), end: (114.55pt, 202.99pt)),)),
    (from: 2, to: 6, head-from: "none", head-to: "arrow-open", style: "solid", from-side: "right", to-side: "left", from-y: 251.58pt, to-y: 222.59pt, path: ((c1: (71.26pt, 241.92pt), c2: (92.91pt, 232.25pt), end: (114.55pt, 222.59pt)),)),
  ),
)
