#set page(width: auto, height: auto, margin: 8pt)
#set text(size: 10pt)
#import "/blockcell/lib.typ": *

#cuca-layout(
  classes: (
    (x: 131.17pt, y: 18.00pt, width: 24.00pt, height: 47.58pt, kind: "actor", name: [User], fields: (), methods: ()),
    (x: 30.64pt, y: 101.58pt, width: 48.00pt, height: 28.00pt, kind: "usecase", name: [Login], fields: (), methods: ()),
    (x: 15.00pt, y: 18.00pt, kind: "note", body: [Main entry point]),
    (x: 108.64pt, y: 101.58pt, kind: "note", body: [External actor \ (a human)]),
  ),
  edges: (
    (from: 0, to: 1, head-from: "none", head-to: "arrow-open", style: "solid", from-side: "bot", to-side: "top", from-x: 143.17pt, to-x: 71.44pt, path: ((c1: (119.26pt, 77.58pt), c2: (95.35pt, 89.58pt), end: (71.44pt, 101.58pt)),)),
    (from: 2, to: 1, head-from: "none", head-to: "none", style: "dashed", from-side: "bot", to-side: "top", from-x: 54.64pt, to-x: 54.64pt, path: ((c1: (54.64pt, 56.53pt), c2: (54.64pt, 79.05pt), end: (54.64pt, 101.58pt)),)),
    (from: 0, to: 3, head-from: "none", head-to: "none", style: "dashed", from-side: "bot", to-side: "top", from-x: 143.17pt, to-x: 143.17pt, path: ((c1: (143.17pt, 77.58pt), c2: (143.17pt, 89.58pt), end: (143.17pt, 101.58pt)),)),
  ),
)
