#set page(width: auto, height: auto, margin: 8pt)
#set text(size: 10pt)
#import "/blockcell/lib.typ": *

#cuca-layout(
  classes: (
    (x: 111.17pt, y: 16.67pt, width: 24.00pt, height: 47.58pt, kind: "actor", name: [User], fields: (), methods: ()),
    (x: 23.98pt, y: 97.58pt, width: 48.00pt, height: 28.00pt, kind: "usecase", name: [Login], fields: (), methods: ()),
    (x: 8.33pt, y: 16.67pt, kind: "note", body: [Main entry point]),
    (x: 88.64pt, y: 97.58pt, kind: "note", body: [External actor \ (a human)]),
  ),
  edges: (
    (from: 0, to: 1, head-from: "none", head-to: "arrow-open", style: "solid", from-side: "bot", to-side: "top", from-x: 123.17pt, to-x: 64.78pt, path: ((c1: (103.71pt, 75.36pt), c2: (84.24pt, 86.47pt), end: (64.78pt, 97.58pt)),)),
    (from: 2, to: 1, head-from: "none", head-to: "none", style: "dashed", from-side: "bot", to-side: "top", from-x: 47.98pt, to-x: 47.98pt, path: ((c1: (47.98pt, 54.30pt), c2: (47.98pt, 75.94pt), end: (47.98pt, 97.58pt)),)),
    (from: 0, to: 3, head-from: "none", head-to: "none", style: "dashed", from-side: "bot", to-side: "top", from-x: 123.17pt, to-x: 123.17pt, path: ((c1: (123.17pt, 75.36pt), c2: (123.17pt, 86.47pt), end: (123.17pt, 97.58pt)),)),
  ),
)
