#set page(width: auto, height: auto, margin: 8pt)
#set text(size: 10pt)
#import "/blockcell/lib.typ": *

#cuca-layout(
  classes: (
    (x: 20.33pt, y: 16.67pt, width: 24.00pt, height: 47.58pt, kind: "actor", name: [Bob], fields: (), methods: ()),
    (x: 93.06pt, y: 16.67pt, width: 47.16pt, height: 47.58pt, kind: "actor", name: [Power User], fields: (), methods: ()),
    (x: 8.33pt, y: 97.58pt, width: 48.00pt, height: 28.00pt, kind: "usecase", name: [Login], fields: (), methods: ()),
    (x: 73.00pt, y: 97.58pt, width: 87.28pt, height: 28.00pt, kind: "usecase", name: [Reset Password], fields: (), methods: ()),
  ),
  edges: (
    (from: 0, to: 2, head-from: "none", head-to: "arrow-open", style: "solid", from-side: "bot", to-side: "top", from-x: 32.33pt, to-x: 32.33pt, path: ((c1: (32.33pt, 75.36pt), c2: (32.33pt, 86.47pt), end: (32.33pt, 97.58pt)),)),
    (from: 1, to: 3, head-from: "none", head-to: "arrow-open", style: "solid", from-side: "bot", to-side: "top", from-x: 116.64pt, to-x: 116.64pt, path: ((c1: (116.64pt, 75.36pt), c2: (116.64pt, 86.47pt), end: (116.64pt, 97.58pt)),)),
  ),
)
