#set page(width: auto, height: auto, margin: 8pt)
#set text(size: 10pt)
#import "/blockcell/lib.typ": *

#cuca-layout(
  direction: "lr",
  classes: (
    (x: 18.00pt, y: 34.21pt, width: 39.96pt, height: 47.58pt, kind: "actor", name: [Customer], fields: (), methods: ()),
    (x: 93.96pt, y: 15.00pt, width: 88.27pt, height: 28.00pt, kind: "usecase", name: [Browse Catalog], fields: (), methods: ()),
    (x: 93.96pt, y: 73.00pt, width: 71.90pt, height: 28.00pt, kind: "usecase", name: [Place Order], fields: (), methods: ()),
    (x: 201.86pt, y: 73.00pt, width: 77.82pt, height: 28.00pt, kind: "usecase", name: [View Receipt], fields: (), methods: ()),
  ),
  packages: (
    (x: 56.48pt, y: -11.00pt, w: 249.20pt, h: 138.00pt, kind: "package", label: [Shop System]),
  ),
  edges: (
    (from: 0, to: 1, head-from: "none", head-to: "arrow-open", style: "solid", from-side: "right", to-side: "left", path: ((c1: (61.96pt, 58.00pt), c2: (65.96pt, 58.00pt), end: (69.96pt, 58.00pt)), (c1: (77.96pt, 58.00pt), c2: (73.96pt, 29.00pt), end: (81.96pt, 29.00pt)), (c1: (85.96pt, 29.00pt), c2: (89.96pt, 29.00pt), end: (93.96pt, 29.00pt)))),
    (from: 0, to: 2, head-from: "none", head-to: "arrow-open", style: "solid", from-side: "right", to-side: "left", path: ((c1: (61.96pt, 58.00pt), c2: (65.96pt, 58.00pt), end: (69.96pt, 58.00pt)), (c1: (77.96pt, 58.00pt), c2: (73.96pt, 87.00pt), end: (81.96pt, 87.00pt)), (c1: (85.96pt, 87.00pt), c2: (89.96pt, 87.00pt), end: (93.96pt, 87.00pt)))),
    (from: 2, to: 3, head-from: "none", head-to: "arrow-open", style: "solid", from-side: "right", to-side: "left", from-y: 87.00pt, to-y: 87.00pt, path: ((c1: (183.86pt, 87.00pt), c2: (183.86pt, 87.00pt), end: (201.86pt, 87.00pt)),)),
  ),
)
