#set page(width: auto, height: auto, margin: 8pt)
#set text(size: 10pt)
#import "/blockcell/lib.typ": *

#state-layout(
  nodes: (
    (id: "c", kind: "choice", x: 99.05pt, y: 94.00pt, w: 32.00pt, h: 32.00pt, display: "c", body: (), fill: none, border-style: "solid", border-color: none),
    (id: "__initial__", kind: "initial", x: 106.50pt, y: 30.00pt, w: 18.00pt, h: 18.00pt, display: "", body: (), fill: none, border-style: "solid", border-color: none),
    (id: "Approved", kind: "simple", x: 30.00pt, y: 172.00pt, w: 71.60pt, h: 32.00pt, display: "Approved", body: (), fill: none, border-style: "solid", border-color: none),
    (id: "Rejected", kind: "simple", x: 127.60pt, y: 172.00pt, w: 71.60pt, h: 32.00pt, display: "Rejected", body: (), fill: none, border-style: "solid", border-color: none),
    (id: "__final__", kind: "final", x: 104.65pt, y: 250.00pt, w: 18.00pt, h: 18.00pt, display: "", body: (), fill: none, border-style: "solid", border-color: none),
  ),
  transitions: (
    (from: "__initial__", to: "c", event: none, guard: none, action: none, style: "solid", color: none, self-loop: false, back: false, bow-side: "max"),
    (from: "c", to: "Approved", event: none, guard: "score >= 60", action: none, style: "solid", color: none, self-loop: false, back: false, bow-side: "max"),
    (from: "c", to: "Rejected", event: none, guard: "score < 60", action: none, style: "solid", color: none, self-loop: false, back: false, bow-side: "max"),
    (from: "Approved", to: "__final__", event: none, guard: none, action: none, style: "solid", color: none, self-loop: false, back: false, bow-side: "max"),
    (from: "Rejected", to: "__final__", event: none, guard: none, action: none, style: "solid", color: none, self-loop: false, back: false, bow-side: "max"),
  ),
  notes: (
  ),
  page: (229.20pt, 298.00pt),
  title: none,
  hide-empty-description: false,
  direction: "tb",
)
