#set page(width: auto, height: auto, margin: 8pt)
#set text(size: 10pt)
#import "/blockcell/lib.typ": *

#state-layout(
  nodes: (
    (id: "Pending", kind: "simple", x: 141.67pt, y: 76.00pt, w: 55.49pt, h: 32.00pt, display: "Pending", body: (), fill: rgb("#FFFFE0"), border-style: "solid", border-color: none),
    (id: "Active", kind: "simple", x: 145.25pt, y: 159.00pt, w: 48.34pt, h: 32.00pt, display: "Active", body: (), fill: rgb("#90EE90"), border-style: "solid", border-color: none),
    (id: "Blocked", kind: "simple", x: 126.00pt, y: 242.00pt, w: 54.63pt, h: 32.00pt, display: "Blocked", body: (), fill: none, border-style: "dashed", border-color: rgb("#FF0000")),
    (id: "Cancelled", kind: "simple", x: 200.63pt, y: 242.00pt, w: 62.08pt, h: 32.00pt, display: "Cancelled", body: (), fill: none, border-style: "bold", border-color: rgb("#888888")),
    (id: "__initial__", kind: "initial", x: 160.41pt, y: 30.00pt, w: 18.00pt, h: 18.00pt, display: "", body: (), fill: none, border-style: "solid", border-color: none),
    (id: "Done", kind: "simple", x: 282.71pt, y: 242.00pt, w: 43.94pt, h: 32.00pt, display: "Done", body: (), fill: none, border-style: "solid", border-color: none),
    (id: "__final__", kind: "final", x: 222.67pt, y: 302.00pt, w: 18.00pt, h: 18.00pt, display: "", body: (), fill: none, border-style: "solid", border-color: none),
  ),
  transitions: (
    (from: "__initial__", to: "Pending", event: none, guard: none, action: none, style: "solid", color: none, self-loop: false, back: false, bow-side: "max"),
    (from: "Pending", to: "Active", event: "approve", guard: none, action: none, style: "solid", color: none, self-loop: false, back: false, bow-side: "max", start: (169.41pt, 108.00pt), path: ((c1: (169.41pt, 116.50pt), c2: (169.41pt, 125.00pt), end: (169.41pt, 133.50pt)), (c1: (169.41pt, 142.00pt), c2: (169.42pt, 150.50pt), end: (169.42pt, 159.00pt)), ), label-pos: (169.41pt, 133.50pt)),
    (from: "Active", to: "Blocked", event: "hold", guard: none, action: none, style: "solid", color: none, self-loop: false, back: false, bow-side: "max", start: (163.21pt, 191.00pt), path: ((c1: (159.91pt, 199.50pt), c2: (156.61pt, 208.00pt), end: (153.31pt, 216.50pt)), (c1: (153.31pt, 225.00pt), c2: (153.31pt, 233.50pt), end: (153.31pt, 242.00pt)), ), label-pos: (153.31pt, 216.50pt)),
    (from: "Blocked", to: "Active", event: "release", guard: none, action: none, style: "solid", color: none, self-loop: false, back: true, bow-side: "min", start: (158.52pt, 242.00pt), path: ((c1: (162.15pt, 230.83pt), c2: (165.78pt, 219.67pt), end: (169.41pt, 208.50pt)), (c1: (169.41pt, 202.67pt), c2: (169.42pt, 196.83pt), end: (169.42pt, 191.00pt)), )),
    (from: "Active", to: "Cancelled", event: "abort", guard: none, action: none, style: "solid", color: none, self-loop: false, back: false, bow-side: "max", start: (176.55pt, 191.00pt), path: ((c1: (180.34pt, 199.50pt), c2: (184.13pt, 208.00pt), end: (187.91pt, 216.50pt)), (c1: (196.88pt, 225.00pt), c2: (205.84pt, 233.50pt), end: (214.80pt, 242.00pt)), ), label-pos: (187.91pt, 216.50pt)),
    (from: "Active", to: "Done", event: "finish", guard: none, action: none, style: "solid", color: rgb("#0000FF"), self-loop: false, back: false, bow-side: "max", start: (189.04pt, 191.00pt), path: ((c1: (199.46pt, 199.50pt), c2: (209.89pt, 208.00pt), end: (220.31pt, 216.50pt)), (c1: (241.11pt, 226.73pt), c2: (261.91pt, 236.96pt), end: (282.71pt, 247.19pt)), ), label-pos: (220.31pt, 216.50pt)),
    (from: "Cancelled", to: "__final__", event: none, guard: none, action: none, style: "solid", color: none, self-loop: false, back: false, bow-side: "max"),
    (from: "Done", to: "__final__", event: none, guard: none, action: none, style: "solid", color: none, self-loop: false, back: false, bow-side: "max"),
  ),
  notes: (
  ),
  page: (356.65pt, 350.00pt),
  title: none,
  hide-empty-description: false,
  direction: "tb",
)
