#set page(width: auto, height: auto, margin: 8pt)
#set text(size: 10pt)
#import "/blockcell/lib.typ": *

#state-layout(
  nodes: (
    (id: "Pending", kind: "simple", x: 216.93pt, y: 76.00pt, w: 55.49pt, h: 32.00pt, display: "Pending", body: (), fill: rgb("#FFFFE0"), border-style: "solid", border-color: none),
    (id: "Active", kind: "simple", x: 220.50pt, y: 153.13pt, w: 48.34pt, h: 32.00pt, display: "Active", body: (), fill: rgb("#90EE90"), border-style: "solid", border-color: none),
    (id: "Blocked", kind: "simple", x: 126.00pt, y: 230.26pt, w: 54.63pt, h: 32.00pt, display: "Blocked", body: (), fill: none, border-style: "dashed", border-color: rgb("#FF0000")),
    (id: "Cancelled", kind: "simple", x: 213.63pt, y: 230.26pt, w: 62.08pt, h: 32.00pt, display: "Cancelled", body: (), fill: none, border-style: "bold", border-color: rgb("#888888")),
    (id: "__initial__", kind: "initial", x: 235.67pt, y: 30.00pt, w: 18.00pt, h: 18.00pt, display: "", body: (), fill: none, border-style: "solid", border-color: none),
    (id: "Done", kind: "simple", x: 308.71pt, y: 230.26pt, w: 43.94pt, h: 32.00pt, display: "Done", body: (), fill: none, border-style: "solid", border-color: none),
    (id: "__final__", kind: "final", x: 278.68pt, y: 290.26pt, w: 18.00pt, h: 18.00pt, display: "", body: (), fill: none, border-style: "solid", border-color: none),
  ),
  transitions: (
    (from: "__initial__", to: "Pending", event: none, guard: none, action: none, style: "solid", color: none, self-loop: false, back: false, bow-side: "max"),
    (from: "Pending", to: "Active", event: "approve", guard: none, action: none, style: "solid", color: none, self-loop: false, back: false, bow-side: "max", start: (244.67pt, 108.00pt), path: ((c1: (244.67pt, 111.76pt), c2: (244.67pt, 123.04pt), end: (244.67pt, 130.57pt)), (c1: (244.67pt, 138.09pt), c2: (244.67pt, 149.37pt), end: (244.67pt, 153.13pt)), ), label-pos: (244.67pt, 130.57pt)),
    (from: "Active", to: "Blocked", event: "hold", guard: none, action: none, style: "solid", color: none, self-loop: false, back: false, bow-side: "max", start: (220.50pt, 183.95pt), path: ((c1: (214.04pt, 187.91pt), c2: (190.99pt, 199.98pt), end: (181.76pt, 207.70pt)), (c1: (172.53pt, 215.42pt), c2: (167.89pt, 226.50pt), end: (165.12pt, 230.26pt)), ), label-pos: (181.76pt, 207.70pt)),
    (from: "Blocked", to: "Active", event: "release", guard: none, action: none, style: "solid", color: none, self-loop: false, back: true, bow-side: "min"),
    (from: "Active", to: "Cancelled", event: "abort", guard: none, action: none, style: "solid", color: none, self-loop: false, back: false, bow-side: "max", start: (244.67pt, 185.13pt), path: ((c1: (244.67pt, 188.89pt), c2: (244.67pt, 200.18pt), end: (244.67pt, 207.70pt)), (c1: (244.67pt, 215.22pt), c2: (244.67pt, 226.50pt), end: (244.67pt, 230.26pt)), ), label-pos: (244.67pt, 207.70pt)),
    (from: "Active", to: "Done", event: "finish", guard: none, action: none, style: "solid", color: rgb("#0000FF"), self-loop: false, back: false, bow-side: "max", start: (268.84pt, 184.37pt), path: ((c1: (275.01pt, 188.26pt), c2: (297.27pt, 200.05pt), end: (305.86pt, 207.70pt)), (c1: (314.45pt, 215.35pt), c2: (317.96pt, 226.50pt), end: (320.38pt, 230.26pt)), ), label-pos: (305.86pt, 207.70pt)),
    (from: "Cancelled", to: "__final__", event: none, guard: none, action: none, style: "solid", color: none, self-loop: false, back: false, bow-side: "max", start: (257.65pt, 262.26pt), path: ((c1: (266.66pt, 271.60pt), c2: (275.67pt, 280.93pt), end: (284.68pt, 290.26pt)), )),
    (from: "Done", to: "__final__", event: none, guard: none, action: none, style: "solid", color: none, self-loop: false, back: false, bow-side: "max", start: (317.70pt, 262.26pt), path: ((c1: (308.69pt, 271.60pt), c2: (299.68pt, 280.93pt), end: (290.68pt, 290.26pt)), )),
  ),
  notes: (
  ),
  page: (382.65pt, 338.26pt),
  title: none,
  hide-empty-description: false,
  direction: "tb",
)
