#set page(width: auto, height: auto, margin: 8pt)
#set text(size: 10pt)
#import "/blockcell/lib.typ": *

#state-layout(
  nodes: (
    (id: "__initial__", kind: "initial", x: 188.78pt, y: 37.00pt, w: 18.00pt, h: 18.00pt, display: "", body: (), fill: none, border-style: "solid", border-color: none),
    (id: "State1", kind: "simple", x: 232.78pt, y: 30.00pt, w: 46.86pt, h: 32.00pt, display: "State1", body: (), fill: none, border-style: "solid", border-color: none),
    (id: "State2", kind: "simple", x: 210.78pt, y: 113.00pt, w: 46.86pt, h: 32.00pt, display: "State2", body: (), fill: none, border-style: "solid", border-color: none),
    (id: "__final__", kind: "final", x: 247.21pt, y: 389.06pt, w: 18.00pt, h: 18.00pt, display: "", body: (), fill: none, border-style: "solid", border-color: none),
    (id: "State3", kind: "composite", x: 30.00pt, y: 159.00pt, w: 166.78pt, h: 214.06pt, display: "State3", body: (), fill: none, border-style: "solid", border-color: none),
    (id: "long1", kind: "simple", x: 53.00pt, y: 251.00pt, w: 120.78pt, h: 38.06pt, display: "Accumulate Enough Data\\nLong State Name", body: ("Just a test",), fill: none, border-style: "solid", border-color: none),
    (id: "__initial__State3", kind: "initial", x: 123.18pt, y: 205.00pt, w: 18.00pt, h: 18.00pt, display: "", body: (), fill: none, border-style: "solid", border-color: none),
    (id: "ProcessData", kind: "simple", x: 101.76pt, y: 317.06pt, w: 72.02pt, h: 32.00pt, display: "ProcessData", body: (), fill: none, border-style: "solid", border-color: none),
  ),
  transitions: (
    (from: "__initial__", to: "State1", event: none, guard: none, action: none, style: "solid", color: none, self-loop: false, back: false, bow-side: "max"),
    (from: "State1", to: "State2", event: "Succeeded", guard: none, action: none, style: "solid", color: none, self-loop: false, back: false, bow-side: "max", start: (247.73pt, 62.00pt), path: ((c1: (243.22pt, 70.50pt), c2: (238.72pt, 79.00pt), end: (234.21pt, 87.50pt)), (c1: (234.21pt, 96.00pt), c2: (234.21pt, 104.50pt), end: (234.21pt, 113.00pt)), ), label-pos: (234.21pt, 87.50pt)),
    (from: "State1", to: "__final__", event: "Aborted", guard: none, action: none, style: "solid", color: none, self-loop: false, back: false, bow-side: "max", start: (256.21pt, 62.00pt), path: ((c1: (257.09pt, 171.02pt), c2: (257.97pt, 280.04pt), end: (258.84pt, 389.06pt)), ), label-pos: (278.61pt, 87.50pt)),
    (from: "State2", to: "State3", event: "Succeeded", guard: none, action: none, style: "solid", color: none, self-loop: false, back: false, bow-side: "max", start: (219.81pt, 145.00pt), path: ((c1: (212.13pt, 153.82pt), c2: (204.46pt, 162.63pt), end: (196.78pt, 171.45pt)), )),
    (from: "State2", to: "__final__", event: "Aborted", guard: none, action: none, style: "solid", color: none, self-loop: false, back: false, bow-side: "max", start: (235.81pt, 145.00pt), path: ((c1: (241.49pt, 226.35pt), c2: (247.17pt, 307.70pt), end: (252.84pt, 389.06pt)), ), label-pos: (255.31pt, 170.50pt)),
    (from: "__initial__State3", to: "long1", event: none, guard: none, action: none, style: "solid", color: none, self-loop: false, back: false, bow-side: "max"),
    (from: "long1", to: "long1", event: "New Data", guard: none, action: none, style: "solid", color: none, self-loop: true, back: false, bow-side: "max"),
    (from: "long1", to: "ProcessData", event: "Enough Data", guard: none, action: none, style: "solid", color: none, self-loop: false, back: false, bow-side: "max"),
    (from: "State3", to: "State3", event: "Failed", guard: none, action: none, style: "solid", color: none, self-loop: true, back: false, bow-side: "max"),
    (from: "State3", to: "__final__", event: "Succeeded", guard: none, action: "Save Result", style: "solid", color: none, self-loop: false, back: false, bow-side: "max", start: (196.78pt, 335.12pt), path: ((c1: (213.59pt, 354.43pt), c2: (230.40pt, 373.74pt), end: (247.21pt, 393.06pt)), )),
    (from: "State3", to: "__final__", event: "Aborted", guard: none, action: none, style: "solid", color: none, self-loop: false, back: false, bow-side: "max", start: (196.78pt, 351.12pt), path: ((c1: (213.59pt, 365.73pt), c2: (230.40pt, 380.34pt), end: (247.21pt, 394.95pt)), )),
  ),
  notes: (
  ),
  page: (406.21pt, 437.06pt),
  title: none,
  hide-empty-description: false,
  direction: "tb",
)
