#set page(width: auto, height: auto, margin: 8pt)
#set text(size: 10pt)
#import "/blockcell/lib.typ": *

#state-layout(
  nodes: (
    (id: "__initial__", kind: "initial", x: 89.13pt, y: 30.00pt, w: 18.00pt, h: 18.00pt, display: "", body: (), fill: none, border-style: "solid", border-color: none),
    (id: "Running", kind: "composite", x: 43.29pt, y: 76.00pt, w: 109.68pt, h: 352.00pt, display: "Running", body: (), fill: none, border-style: "solid", border-color: none),
    (id: "__initial__Running", kind: "initial", x: 89.13pt, y: 114.00pt, w: 18.00pt, h: 18.00pt, display: "", body: (), fill: none, border-style: "solid", border-color: none),
    (id: "Outer", kind: "composite", x: 59.29pt, y: 160.00pt, w: 77.68pt, h: 192.00pt, display: "Outer", body: (), fill: none, border-style: "solid", border-color: none),
    (id: "__initial__Outer", kind: "initial", x: 89.13pt, y: 198.00pt, w: 18.00pt, h: 18.00pt, display: "", body: (), fill: none, border-style: "solid", border-color: none),
    (id: "A", kind: "simple", x: 83.66pt, y: 244.00pt, w: 28.95pt, h: 32.00pt, display: "A", body: (), fill: none, border-style: "solid", border-color: none),
    (id: "B", kind: "simple", x: 84.19pt, y: 304.00pt, w: 27.88pt, h: 32.00pt, display: "B", body: (), fill: none, border-style: "solid", border-color: none),
    (id: "Other", kind: "simple", x: 75.26pt, y: 380.00pt, w: 45.75pt, h: 32.00pt, display: "Other", body: (), fill: none, border-style: "solid", border-color: none),
    (id: "Hibernating", kind: "simple", x: 30.00pt, y: 456.00pt, w: 71.51pt, h: 32.00pt, display: "Hibernating", body: (), fill: none, border-style: "solid", border-color: none),
    (id: "__deephistory__Running", kind: "deep-history", x: 53.76pt, y: 516.00pt, w: 24.00pt, h: 24.00pt, display: "", body: (), fill: none, border-style: "solid", border-color: none),
    (id: "__final__", kind: "final", x: 121.51pt, y: 456.00pt, w: 18.00pt, h: 18.00pt, display: "", body: (), fill: none, border-style: "solid", border-color: none),
  ),
  transitions: (
    (from: "__initial__", to: "Running", event: none, guard: none, action: none, style: "solid", color: none, self-loop: false, back: false, bow-side: "max"),
    (from: "__initial__Running", to: "Outer", event: none, guard: none, action: none, style: "solid", color: none, self-loop: false, back: false, bow-side: "max"),
    (from: "__initial__Outer", to: "A", event: none, guard: none, action: none, style: "solid", color: none, self-loop: false, back: false, bow-side: "max"),
    (from: "A", to: "B", event: "next", guard: none, action: none, style: "solid", color: none, self-loop: false, back: false, bow-side: "max"),
    (from: "Outer", to: "Other", event: "escalate", guard: none, action: none, style: "solid", color: none, self-loop: false, back: false, bow-side: "max"),
    (from: "Running", to: "Hibernating", event: "sleep", guard: none, action: none, style: "solid", color: none, self-loop: false, back: false, bow-side: "max"),
    (from: "Hibernating", to: "__deephistory__Running", event: "wake", guard: none, action: none, style: "solid", color: none, self-loop: false, back: false, bow-side: "max"),
    (from: "Running", to: "__final__", event: none, guard: none, action: none, style: "solid", color: none, self-loop: false, back: false, bow-side: "max"),
  ),
  notes: (
  ),
  page: (182.97pt, 570.00pt),
  title: "Deep history pseudostate",
  hide-empty-description: false,
  direction: "tb",
)
