#set page(width: auto, height: auto, margin: 8pt)
#set text(size: 10pt)
#import "/blockcell/lib.typ": *

#state-layout(
  nodes: (
    (id: "__initial__", kind: "initial", x: 100.84pt, y: 30.00pt, w: 18.00pt, h: 18.00pt, display: "", body: (), fill: none, border-style: "solid", border-color: none),
    (id: "Running", kind: "composite", x: 30.00pt, y: 76.00pt, w: 159.68pt, h: 375.13pt, display: "Running", body: (), fill: none, border-style: "solid", border-color: none),
    (id: "__initial__Running", kind: "initial", x: 75.84pt, y: 114.00pt, w: 18.00pt, h: 18.00pt, display: "", body: (), fill: none, border-style: "solid", border-color: none),
    (id: "Outer", kind: "composite", x: 46.00pt, y: 166.00pt, w: 77.68pt, h: 209.13pt, display: "Outer", body: (), fill: none, border-style: "solid", border-color: none),
    (id: "__initial__Outer", kind: "initial", x: 75.84pt, y: 204.00pt, w: 18.00pt, h: 18.00pt, display: "", body: (), fill: none, border-style: "solid", border-color: none),
    (id: "A", kind: "simple", x: 70.37pt, y: 250.00pt, w: 28.95pt, h: 32.00pt, display: "A", body: (), fill: none, border-style: "solid", border-color: none),
    (id: "B", kind: "simple", x: 70.90pt, y: 327.13pt, w: 27.88pt, h: 32.00pt, display: "B", body: (), fill: none, border-style: "solid", border-color: none),
    (id: "Other", kind: "simple", x: 61.97pt, y: 403.13pt, w: 45.75pt, h: 32.00pt, display: "Other", body: (), fill: none, border-style: "solid", border-color: none),
    (id: "Hibernating", kind: "simple", x: 35.21pt, y: 479.13pt, w: 71.51pt, h: 32.00pt, display: "Hibernating", body: (), fill: none, border-style: "solid", border-color: none),
    (id: "__deephistory__Running", kind: "deep-history", x: 149.68pt, y: 411.13pt, w: 24.00pt, h: 24.00pt, display: "", body: (), fill: none, border-style: "solid", border-color: none),
    (id: "__final__", kind: "final", x: 139.72pt, y: 479.13pt, w: 18.00pt, h: 18.00pt, display: "", body: (), fill: none, border-style: "solid", border-color: none),
  ),
  transitions: (
    (from: "__initial__", to: "Running", event: none, guard: none, action: none, style: "solid", color: none, self-loop: false, back: false, bow-side: "max"),
    (from: "__initial__Running", to: "Outer", event: none, guard: none, action: none, style: "solid", color: none, self-loop: false, back: false, bow-side: "max"),
    (from: "__initial__Outer", to: "A", event: none, guard: none, action: none, style: "solid", color: none, self-loop: false, back: false, bow-side: "max"),
    (from: "A", to: "B", event: "next", guard: none, action: none, style: "solid", color: none, self-loop: false, back: false, bow-side: "max", start: (84.84pt, 282.00pt), path: ((c1: (84.84pt, 285.76pt), c2: (84.84pt, 297.04pt), end: (84.84pt, 304.57pt)), (c1: (84.84pt, 312.09pt), c2: (84.84pt, 323.37pt), end: (84.84pt, 327.13pt)), ), label-pos: (84.84pt, 304.57pt)),
    (from: "Outer", to: "Other", event: "escalate", guard: none, action: none, style: "solid", color: none, self-loop: false, back: false, bow-side: "max"),
    (from: "Running", to: "Hibernating", event: "sleep", guard: none, action: none, style: "solid", color: none, self-loop: false, back: false, bow-side: "max", start: (72.41pt, 451.13pt), path: ((c1: (70.44pt, 460.47pt), c2: (68.48pt, 469.80pt), end: (66.51pt, 479.13pt)), )),
    (from: "Hibernating", to: "__deephistory__Running", event: "wake", guard: none, action: none, style: "solid", color: none, self-loop: false, back: false, bow-side: "max", start: (98.26pt, 479.13pt), path: ((c1: (116.27pt, 462.95pt), c2: (134.27pt, 446.77pt), end: (152.28pt, 430.59pt)), )),
    (from: "Running", to: "__final__", event: none, guard: none, action: none, style: "solid", color: none, self-loop: false, back: false, bow-side: "max", start: (148.25pt, 451.13pt), path: ((c1: (147.89pt, 460.51pt), c2: (147.54pt, 469.89pt), end: (147.18pt, 479.26pt)), )),
  ),
  notes: (
  ),
  page: (219.68pt, 541.13pt),
  title: "Deep history pseudostate",
  hide-empty-description: false,
  direction: "tb",
)
