#set page(width: auto, height: auto, margin: 8pt)
#set text(size: 10pt)
#import "/blockcell/lib.typ": *

#state-layout(
  nodes: (
    (id: "Processing", kind: "composite", x: 30.00pt, y: 62.00pt, w: 106.00pt, h: 242.00pt, display: "Processing", body: (), fill: none, border-style: "solid", border-color: none),
    (id: "ep", kind: "entry-point", x: 77.00pt, y: 108.00pt, w: 12.00pt, h: 12.00pt, display: "ep", body: (), fill: none, border-style: "solid", border-color: none),
    (id: "xp", kind: "exit-point", x: 77.00pt, y: 268.00pt, w: 12.00pt, h: 12.00pt, display: "xp", body: (), fill: none, border-style: "solid", border-color: none),
    (id: "Working", kind: "simple", x: 54.14pt, y: 148.00pt, w: 57.72pt, h: 32.00pt, display: "Working", body: (), fill: none, border-style: "solid", border-color: none),
    (id: "Verifying", kind: "simple", x: 53.00pt, y: 208.00pt, w: 60.00pt, h: 32.00pt, display: "Verifying", body: (), fill: none, border-style: "solid", border-color: none),
    (id: "__initial__", kind: "initial", x: 74.00pt, y: 30.00pt, w: 18.00pt, h: 18.00pt, display: "", body: (), fill: none, border-style: "solid", border-color: none),
    (id: "Done", kind: "simple", x: 61.03pt, y: 320.00pt, w: 43.94pt, h: 32.00pt, display: "Done", body: (), fill: none, border-style: "solid", border-color: none),
    (id: "__final__", kind: "final", x: 74.00pt, y: 368.00pt, w: 18.00pt, h: 18.00pt, display: "", body: (), fill: none, border-style: "solid", border-color: none),
  ),
  transitions: (
    (from: "ep", to: "Working", event: none, guard: none, action: none, style: "solid", color: none, self-loop: false, back: false, bow-side: "max"),
    (from: "Working", to: "Verifying", event: none, guard: none, action: none, style: "solid", color: none, self-loop: false, back: false, bow-side: "max"),
    (from: "Verifying", to: "xp", event: none, guard: none, action: none, style: "solid", color: none, self-loop: false, back: false, bow-side: "max"),
    (from: "__initial__", to: "ep", event: none, guard: none, action: none, style: "solid", color: none, self-loop: false, back: false, bow-side: "max"),
    (from: "xp", to: "Done", event: none, guard: none, action: none, style: "solid", color: none, self-loop: false, back: false, bow-side: "max"),
    (from: "Done", to: "__final__", event: none, guard: none, action: none, style: "solid", color: none, self-loop: false, back: false, bow-side: "max"),
  ),
  notes: (
  ),
  page: (166.00pt, 416.00pt),
  title: none,
  hide-empty-description: false,
  direction: "tb",
)
