#set page(width: auto, height: auto, margin: 8pt)
#set text(size: 10pt)
#import "/blockcell/lib.typ": *

#state-layout(
  nodes: (
    (id: "Processing", kind: "composite", x: 30.00pt, y: 76.00pt, w: 97.84pt, h: 234.00pt, display: "Processing", body: (), fill: none, border-style: "solid", border-color: none),
    (id: "ep", kind: "entry-point", x: 70.92pt, y: 60.00pt, w: 16.00pt, h: 16.00pt, display: "ep", body: (), fill: none, border-style: "solid", border-color: none),
    (id: "xp", kind: "exit-point", x: 70.92pt, y: 310.00pt, w: 16.00pt, h: 16.00pt, display: "xp", body: (), fill: none, border-style: "solid", border-color: none),
    (id: "Working", kind: "simple", x: 50.06pt, y: 158.00pt, w: 57.72pt, h: 32.00pt, display: "Working", body: (), fill: none, border-style: "solid", border-color: none),
    (id: "Verifying", kind: "simple", x: 48.92pt, y: 218.00pt, w: 60.00pt, h: 32.00pt, display: "Verifying", body: (), fill: none, border-style: "solid", border-color: none),
    (id: "__initial__", kind: "initial", x: 69.92pt, y: 30.00pt, w: 18.00pt, h: 18.00pt, display: "", body: (), fill: none, border-style: "solid", border-color: none),
    (id: "Done", kind: "simple", x: 56.95pt, y: 338.00pt, w: 43.94pt, h: 32.00pt, display: "Done", body: (), fill: none, border-style: "solid", border-color: none),
    (id: "__final__", kind: "final", x: 69.92pt, y: 398.00pt, w: 18.00pt, h: 18.00pt, display: "", body: (), fill: none, border-style: "solid", border-color: none),
  ),
  transitions: (
    (from: "ep", to: "Working", event: none, guard: none, action: none, style: "solid", color: none, self-loop: false, back: false, bow-side: "max"),
    (from: "Working", to: "Verifying", event: none, guard: none, action: none, style: "solid", color: none, self-loop: false, back: false, bow-side: "max"),
    (from: "Verifying", to: "xp", event: none, guard: none, action: none, style: "solid", color: none, self-loop: false, back: false, bow-side: "max"),
    (from: "__initial__", to: "ep", event: none, guard: none, action: none, style: "solid", color: none, self-loop: false, back: false, bow-side: "max"),
    (from: "xp", to: "Done", event: none, guard: none, action: none, style: "solid", color: none, self-loop: false, back: false, bow-side: "max"),
    (from: "Done", to: "__final__", event: none, guard: none, action: none, style: "solid", color: none, self-loop: false, back: false, bow-side: "max"),
  ),
  notes: (
  ),
  page: (157.84pt, 446.00pt),
  title: none,
  hide-empty-description: false,
  direction: "tb",
)
