#set page(width: auto, height: auto, margin: 8pt)
#set text(size: 10pt)
#import "/blockcell/lib.typ": *

#state-layout(
  nodes: (
    (id: "f", kind: "fork", x: 68.93pt, y: 76.00pt, w: 70.00pt, h: 10.00pt, display: "f", body: (), fill: none, border-style: "solid", border-color: none),
    (id: "j", kind: "join", x: 68.93pt, y: 174.00pt, w: 70.00pt, h: 10.00pt, display: "j", body: (), fill: none, border-style: "solid", border-color: none),
    (id: "__initial__", kind: "initial", x: 94.93pt, y: 30.00pt, w: 18.00pt, h: 18.00pt, display: "", body: (), fill: none, border-style: "solid", border-color: none),
    (id: "Worker1", kind: "simple", x: 30.00pt, y: 114.00pt, w: 57.43pt, h: 32.00pt, display: "Worker1", body: (), fill: none, border-style: "solid", border-color: none),
    (id: "Worker2", kind: "simple", x: 120.43pt, y: 114.00pt, w: 57.43pt, h: 32.00pt, display: "Worker2", body: (), fill: none, border-style: "solid", border-color: none),
    (id: "__final__", kind: "final", x: 94.93pt, y: 212.00pt, w: 18.00pt, h: 18.00pt, display: "", body: (), fill: none, border-style: "solid", border-color: none),
  ),
  transitions: (
    (from: "__initial__", to: "f", event: none, guard: none, action: none, style: "solid", color: none, self-loop: false, back: false, bow-side: "max"),
    (from: "f", to: "Worker1", event: none, guard: none, action: none, style: "solid", color: none, self-loop: false, back: false, bow-side: "max", start: (88.43pt, 86.00pt), path: ((c1: (83.45pt, 95.33pt), c2: (78.46pt, 104.67pt), end: (73.48pt, 114.00pt)), )),
    (from: "f", to: "Worker2", event: none, guard: none, action: none, style: "solid", color: none, self-loop: false, back: false, bow-side: "max", start: (119.43pt, 86.00pt), path: ((c1: (124.41pt, 95.33pt), c2: (129.40pt, 104.67pt), end: (134.38pt, 114.00pt)), )),
    (from: "Worker1", to: "j", event: none, guard: none, action: none, style: "solid", color: none, self-loop: false, back: false, bow-side: "max", start: (73.48pt, 146.00pt), path: ((c1: (78.46pt, 155.33pt), c2: (83.45pt, 164.67pt), end: (88.43pt, 174.00pt)), )),
    (from: "Worker2", to: "j", event: none, guard: none, action: none, style: "solid", color: none, self-loop: false, back: false, bow-side: "max", start: (134.38pt, 146.00pt), path: ((c1: (129.40pt, 155.33pt), c2: (124.41pt, 164.67pt), end: (119.43pt, 174.00pt)), )),
    (from: "j", to: "__final__", event: none, guard: none, action: none, style: "solid", color: none, self-loop: false, back: false, bow-side: "max"),
  ),
  notes: (
  ),
  page: (207.86pt, 260.00pt),
  title: none,
  hide-empty-description: false,
  direction: "tb",
)
