#set page(width: auto, height: auto, margin: 8pt)
#set text(size: 10pt)
#import "/blockcell/lib.typ": *

#state-layout(
  nodes: (
    (id: "__initial__", kind: "initial", x: 96.15pt, y: 30.00pt, w: 18.00pt, h: 18.00pt, display: "", body: (), fill: none, border-style: "solid", border-color: none),
    (id: "Operating", kind: "composite", x: 30.00pt, y: 62.00pt, w: 150.30pt, h: 208.00pt, display: "Operating", body: (), fill: none, border-style: "solid", border-color: none),
    (id: "__initial__Operating", kind: "initial", x: 139.30pt, y: 108.00pt, w: 18.00pt, h: 18.00pt, display: "", body: (), fill: none, border-style: "solid", border-color: none),
    (id: "Idle", kind: "simple", x: 63.01pt, y: 154.00pt, w: 37.14pt, h: 32.00pt, display: "Idle", body: (), fill: none, border-style: "solid", border-color: none),
    (id: "Running", kind: "simple", x: 53.00pt, y: 214.00pt, w: 57.15pt, h: 32.00pt, display: "Running", body: (), fill: none, border-style: "solid", border-color: none),
    (id: "Suspended", kind: "simple", x: 120.15pt, y: 286.00pt, w: 65.87pt, h: 32.00pt, display: "Suspended", body: (), fill: none, border-style: "solid", border-color: none),
    (id: "__history__Operating", kind: "history", x: 141.08pt, y: 318.00pt, w: 24.00pt, h: 24.00pt, display: "", body: (), fill: none, border-style: "solid", border-color: none),
    (id: "__final__", kind: "final", x: 206.01pt, y: 286.00pt, w: 18.00pt, h: 18.00pt, display: "", body: (), fill: none, border-style: "solid", border-color: none),
  ),
  transitions: (
    (from: "__initial__", to: "Operating", event: none, guard: none, action: none, style: "solid", color: none, self-loop: false, back: false, bow-side: "max"),
    (from: "__initial__Operating", to: "Idle", event: none, guard: none, action: none, style: "solid", color: none, self-loop: false, back: false, bow-side: "max"),
    (from: "Idle", to: "Running", event: "start", guard: none, action: none, style: "solid", color: none, self-loop: false, back: false, bow-side: "max"),
    (from: "Running", to: "Idle", event: "pause", guard: none, action: none, style: "solid", color: none, self-loop: false, back: true, bow-side: "max"),
    (from: "Operating", to: "Suspended", event: "suspend", guard: none, action: none, style: "solid", color: none, self-loop: false, back: false, bow-side: "max", start: (153.05pt, 270.00pt), path: ((c1: (151.18pt, 275.33pt), c2: (149.31pt, 280.67pt), end: (147.44pt, 286.00pt)), )),
    (from: "Suspended", to: "__history__Operating", event: "resume", guard: none, action: none, style: "solid", color: none, self-loop: false, back: false, bow-side: "max"),
    (from: "Operating", to: "__final__", event: "shutdown", guard: none, action: none, style: "solid", color: none, self-loop: false, back: false, bow-side: "max", start: (169.05pt, 270.00pt), path: ((c1: (182.43pt, 276.05pt), c2: (195.80pt, 282.10pt), end: (209.18pt, 288.15pt)), )),
  ),
  notes: (
  ),
  page: (254.01pt, 372.00pt),
  title: "History pseudostate",
  hide-empty-description: false,
  direction: "tb",
)
