#set page(width: auto, height: auto, margin: 8pt)
#set text(size: 10pt)
#import "/blockcell/lib.typ": *

#state-layout(
  nodes: (
    (id: "start1", kind: "initial", x: 119.17pt, y: 30.00pt, w: 18.00pt, h: 18.00pt, display: "start1", body: (), fill: none, border-style: "solid", border-color: none),
    (id: "choice1", kind: "choice", x: 81.48pt, y: 103.33pt, w: 32.00pt, h: 32.00pt, display: "choice1", body: (), fill: none, border-style: "solid", border-color: none),
    (id: "fork1", kind: "fork", x: 123.98pt, y: 190.67pt, w: 70.00pt, h: 10.00pt, display: "fork1", body: (), fill: none, border-style: "solid", border-color: none),
    (id: "join2", kind: "join", x: 74.53pt, y: 357.50pt, w: 70.00pt, h: 10.00pt, display: "join2", body: (), fill: none, border-style: "solid", border-color: none),
    (id: "end3", kind: "final", x: 30.00pt, y: 190.67pt, w: 18.00pt, h: 18.00pt, display: "end3", body: (), fill: none, border-style: "solid", border-color: none),
    (id: "__initial__", kind: "initial", x: 57.80pt, y: 30.00pt, w: 18.00pt, h: 18.00pt, display: "", body: (), fill: none, border-style: "solid", border-color: none),
    (id: "State1", kind: "simple", x: 175.31pt, y: 316.00pt, w: 46.86pt, h: 32.00pt, display: "State1", body: (), fill: none, border-style: "solid", border-color: none),
    (id: "State2", kind: "simple", x: 124.68pt, y: 256.00pt, w: 46.86pt, h: 32.00pt, display: "State2", body: (), fill: none, border-style: "solid", border-color: none),
    (id: "__final__", kind: "final", x: 183.71pt, y: 439.17pt, w: 18.00pt, h: 18.00pt, display: "", body: (), fill: none, border-style: "solid", border-color: none),
  ),
  transitions: (
    (from: "__initial__", to: "choice1", event: "from start\\nto choice", guard: none, action: none, style: "solid", color: none, self-loop: false, back: false, bow-side: "max", start: (66.80pt, 48.00pt), path: ((c1: (66.80pt, 52.61pt), c2: (62.79pt, 65.34pt), end: (66.80pt, 75.67pt)), (c1: (70.81pt, 85.99pt), c2: (86.87pt, 104.23pt), end: (90.88pt, 109.94pt)), ), label-pos: (66.80pt, 75.67pt)),
    (from: "start1", to: "choice1", event: "from start stereo\\nto choice", guard: none, action: none, style: "solid", color: none, self-loop: false, back: false, bow-side: "max", start: (128.17pt, 48.00pt), path: ((c1: (128.17pt, 52.61pt), c2: (132.18pt, 65.34pt), end: (128.17pt, 75.67pt)), (c1: (124.15pt, 85.99pt), c2: (108.10pt, 104.23pt), end: (104.09pt, 109.94pt)), ), label-pos: (128.17pt, 75.67pt)),
    (from: "choice1", to: "fork1", event: "from choice\\nto fork", guard: none, action: none, style: "solid", color: none, self-loop: false, back: false, bow-side: "max", start: (106.69pt, 126.13pt), path: ((c1: (115.00pt, 132.28pt), c2: (147.93pt, 152.25pt), end: (156.59pt, 163.00pt)), (c1: (165.24pt, 173.76pt), c2: (158.28pt, 186.06pt), end: (158.62pt, 190.67pt)), ), label-pos: (156.59pt, 163.00pt)),
    (from: "choice1", to: "join2", event: "from choice\\nto join", guard: none, action: none, style: "solid", color: none, self-loop: false, back: false, bow-side: "max", start: (97.48pt, 135.33pt), path: ((c1: (97.48pt, 139.95pt), c2: (97.48pt, 152.28pt), end: (97.48pt, 163.00pt)), (c1: (97.48pt, 173.72pt), c2: (97.48pt, 187.45pt), end: (97.48pt, 199.67pt)), (c1: (97.48pt, 211.89pt), c2: (97.48pt, 222.95pt), end: (97.48pt, 236.34pt)), (c1: (97.48pt, 249.73pt), c2: (97.48pt, 262.73pt), end: (97.48pt, 280.00pt)), (c1: (97.48pt, 297.28pt), c2: (95.92pt, 327.09pt), end: (97.48pt, 340.00pt)), (c1: (99.05pt, 352.92pt), c2: (105.29pt, 354.59pt), end: (106.85pt, 357.50pt)), ), label-pos: (97.48pt, 163.00pt)),
    (from: "choice1", to: "end3", event: "from choice\\nto end stereo", guard: none, action: none, style: "solid", color: none, self-loop: false, back: false, bow-side: "max", start: (88.32pt, 126.17pt), path: ((c1: (80.10pt, 132.31pt), c2: (47.22pt, 152.25pt), end: (39.00pt, 163.00pt)), (c1: (30.78pt, 173.75pt), c2: (39.00pt, 186.06pt), end: (39.00pt, 190.67pt)), ), label-pos: (39.00pt, 163.00pt)),
    (from: "fork1", to: "State1", event: "from fork\\nto state", guard: none, action: none, style: "solid", color: none, self-loop: false, back: false, bow-side: "max", start: (165.07pt, 200.67pt), path: ((c1: (170.68pt, 205.28pt), c2: (193.13pt, 215.11pt), end: (198.74pt, 228.34pt)), (c1: (204.35pt, 241.56pt), c2: (198.74pt, 265.39pt), end: (198.74pt, 280.00pt)), (c1: (198.74pt, 294.62pt), c2: (198.74pt, 310.00pt), end: (198.74pt, 316.00pt)), ), label-pos: (198.74pt, 228.34pt)),
    (from: "fork1", to: "State2", event: "from fork\\nto state", guard: none, action: none, style: "solid", color: none, self-loop: false, back: false, bow-side: "max", start: (157.46pt, 200.67pt), path: ((c1: (156.05pt, 205.28pt), c2: (150.50pt, 219.11pt), end: (149.00pt, 228.34pt)), (c1: (147.50pt, 237.56pt), c2: (148.53pt, 251.39pt), end: (148.44pt, 256.00pt)), ), label-pos: (149.00pt, 228.34pt)),
    (from: "State2", to: "join2", event: "from state\\nto join", guard: none, action: none, style: "solid", color: none, self-loop: false, back: false, bow-side: "max", start: (142.63pt, 288.00pt), path: ((c1: (141.05pt, 292.62pt), c2: (138.24pt, 304.09pt), end: (133.15pt, 315.67pt)), (c1: (128.05pt, 327.26pt), c2: (115.57pt, 350.53pt), end: (112.05pt, 357.50pt)), ), label-pos: (133.15pt, 315.67pt)),
    (from: "State1", to: "__final__", event: "from state\\nto end", guard: none, action: none, style: "solid", color: none, self-loop: false, back: false, bow-side: "max", start: (196.53pt, 348.00pt), path: ((c1: (195.89pt, 352.62pt), c2: (193.35pt, 363.39pt), end: (192.71pt, 375.67pt)), (c1: (192.08pt, 387.95pt), c2: (192.71pt, 411.09pt), end: (192.71pt, 421.67pt)), (c1: (192.71pt, 432.26pt), c2: (192.71pt, 436.26pt), end: (192.71pt, 439.17pt)), ), label-pos: (192.71pt, 375.67pt)),
    (from: "join2", to: "__final__", event: "from join\\nto end", guard: none, action: none, style: "solid", color: none, self-loop: false, back: false, bow-side: "max", start: (113.27pt, 367.50pt), path: ((c1: (116.71pt, 372.12pt), c2: (121.82pt, 382.73pt), end: (133.95pt, 395.17pt)), (c1: (146.08pt, 407.61pt), c2: (177.35pt, 434.32pt), end: (186.03pt, 442.14pt)), ), label-pos: (133.95pt, 395.17pt)),
  ),
  notes: (
  ),
  page: (259.28pt, 487.17pt),
  title: none,
  hide-empty-description: false,
  direction: "tb",
)
