#set page(width: auto, height: auto, margin: 8pt)
#set text(size: 10pt)
#import "/blockcell/lib.typ": *

#record-layout(
  title: [Null \/ empty \/ boolean leaves],
  records: (
    (x: 6.00pt, y: 3.00pt, rows: ((key: [title], value: ["Untitled draft"]), (key: [author], value: [␀]), (key: [published], value: [☒ false]), (key: [tags], value: []), (key: [metadata], value: []), (key: [revisions], value: [0]))),
  ),
  edges: (
  ),
)
