#set page(width: auto, height: auto, margin: 8pt)
#set text(size: 10pt)
#import "/blockcell/lib.typ": *

#align(center)[*Annotations on classes and fields*]

#cuca-layout(
  classes: (
    (x: 8.33pt, y: 16.67pt, width: 135.46pt, height: 73.99pt, kind: "class", name: [Order], stereotype: [Entity \ Table(name="orders")], fields: ((vis: "-", body: [Id orderId: Long]), (vis: "-", body: [status: String])), methods: ((vis: "+", body: [calculateTotal(): BigDecimal]),)),
    (x: 39.41pt, y: 123.99pt, width: 73.30pt, height: 50.57pt, kind: "class", name: [Customer], stereotype: [Entity], fields: ((vis: "-", body: [id: Long]), (vis: "-", body: [name: String])), methods: ()),
  ),
  edges: (
    (from: 0, to: 1, head-from: "none", head-to: "arrow-open", style: "solid", from-side: "bot", to-side: "top", from-x: 76.06pt, to-x: 76.06pt, label: [places], path: ((c1: (76.06pt, 101.77pt), c2: (76.06pt, 112.88pt), end: (76.06pt, 123.99pt)),)),
  ),
)
