#set page(width: auto, height: auto, margin: 8pt)
#set text(size: 10pt)
#import "/blockcell/lib.typ": *

#class-layout(
  classes: (
    (x: 78.93pt, y: 18.00pt, kind: "class", width: 75.60pt, height: 18.00pt, name: [Customer], fields: (), methods: ()),
    (x: 88.23pt, y: 126.00pt, kind: "class", width: 57.00pt, height: 18.00pt, name: [Order], fields: (), methods: ()),
    (x: -15.67pt, y: 72.00pt, kind: "class", width: 100.40pt, height: 18.00pt, name: [OrderHistory], fields: (), methods: ()),
  ),
  edges: (
    (from: 0, to: 1, head-from: "none", head-to: "none", style: "solid", from-side: "bot", to-side: "top", from-x: 116.73pt, to-x: 116.73pt, mult-from: [1], mult-to: [\*], path: ((c1: (116.73pt, 76.00pt), c2: (116.73pt, 86.00pt), end: (116.73pt, 126.00pt)),)),
    (from-couple: (0, 1), to: 2, head-from: "none", head-to: "none", style: "dashed", from-side: "left", to-side: "right", start: (116.73pt, 81.00pt), path: ((c1: (106.06pt, 81.00pt), c2: (95.39pt, 81.00pt), end: (84.73pt, 81.00pt)),)),
  ),
)
