#set page(width: auto, height: auto, margin: 8pt)
#set text(size: 10pt)
#import "/blockcell/lib.typ": *

#cuca-layout(
  classes: (
    (x: 38.72pt, y: 18.00pt, width: 70.62pt, height: 17.00pt, kind: "class", name: [Customer], fields: (), methods: ()),
    (x: 47.89pt, y: 124.00pt, width: 52.28pt, height: 17.00pt, kind: "class", name: [Order], fields: (), methods: ()),
    (x: -45.01pt, y: 71.00pt, width: 87.04pt, height: 17.00pt, kind: "class", name: [OrderHistory], fields: (), methods: ()),
  ),
  edges: (
    (from: 0, to: 1, head-from: "none", head-to: "none", style: "solid", from-side: "bot", to-side: "top", from-x: 74.03pt, to-x: 74.03pt, mult-from: [1], mult-to: [\*], path: ((c1: (74.03pt, 75.00pt), c2: (74.03pt, 84.00pt), end: (74.03pt, 124.00pt)),)),
    (from-couple: (0, 1), to: 2, head-from: "none", head-to: "none", style: "dashed", from-side: "left", to-side: "right", start: (74.03pt, 79.50pt), path: ((c1: (63.36pt, 79.50pt), c2: (52.69pt, 79.50pt), end: (42.03pt, 79.50pt)),)),
  ),
)
