#set page(width: auto, height: auto, margin: 8pt)
#set text(size: 10pt)
#import "/blockcell/lib.typ": *

#align(center)[*Basic class diagram*]

#cuca-layout(
  classes: (
    (x: 66.85pt, y: 97.44pt, width: 73.30pt, height: 56.65pt, kind: "class", name: [Animal], fields: ((vis: "+", body: [name: String]), (vis: "+", body: [age: int])), methods: ((vis: "+", body: [speak(): void]),)),
    (x: 15.00pt, y: 18.00pt, width: 73.65pt, height: 43.44pt, kind: "class", name: [Dog], fields: ((vis: "+", body: [breed: String]),), methods: ((vis: "+", body: [speak(): void]),)),
    (x: 118.65pt, y: 18.00pt, width: 73.06pt, height: 43.44pt, kind: "class", name: [Cat], fields: ((vis: "+", body: [indoor: bool]),), methods: ((vis: "+", body: [speak(): void]),)),
  ),
  edges: (
    (from: 1, to: 0, head-from: "none", head-to: "triangle-open", style: "solid", from-side: "bot", to-side: "top", path: ((c1: (51.82pt, 65.44pt), c2: (51.82pt, 69.44pt), end: (51.82pt, 73.44pt)), (c1: (51.82pt, 81.44pt), c2: (103.50pt, 77.44pt), end: (103.50pt, 85.44pt)), (c1: (103.50pt, 89.44pt), c2: (103.50pt, 93.44pt), end: (103.50pt, 97.44pt)))),
    (from: 2, to: 0, head-from: "none", head-to: "triangle-open", style: "solid", from-side: "bot", to-side: "top", path: ((c1: (155.18pt, 65.44pt), c2: (155.18pt, 69.44pt), end: (155.18pt, 73.44pt)), (c1: (155.18pt, 81.44pt), c2: (103.50pt, 77.44pt), end: (103.50pt, 85.44pt)), (c1: (103.50pt, 89.44pt), c2: (103.50pt, 93.44pt), end: (103.50pt, 97.44pt)))),
  ),
)
