#set page(width: auto, height: auto, margin: 8pt)
#set text(size: 10pt)
#import "/blockcell/lib.typ": *

#align(center)[*Basic class diagram*]

#class-layout(
  classes: (
    (x: 53.25pt, y: 6.00pt, kind: "class", name: [Animal], fields: ((vis: "+", body: [name: String]), (vis: "+", body: [age: int])), methods: ((vis: "+", body: [speak(): void]),)),
    (x: 3.00pt, y: 90.00pt, kind: "class", name: [Dog], fields: ((vis: "+", body: [breed: String]),), methods: ((vis: "+", body: [speak(): void]),)),
    (x: 103.50pt, y: 90.00pt, kind: "class", name: [Cat], fields: ((vis: "+", body: [indoor: bool]),), methods: ((vis: "+", body: [speak(): void]),)),
  ),
  edges: (
    (from: 0, to: 1, head-from: "triangle-open", head-to: "none", style: "solid", from-side: "bot", to-side: "top", from-x: 75.38pt, to-x: 75.38pt, path: ((c1: (75.38pt, 82.00pt), c2: (75.38pt, 86.00pt), end: (75.38pt, 90.00pt)),)),
    (from: 0, to: 2, head-from: "triangle-open", head-to: "none", style: "solid", from-side: "bot", to-side: "top", from-x: 125.62pt, to-x: 125.62pt, path: ((c1: (125.62pt, 82.00pt), c2: (125.62pt, 86.00pt), end: (125.62pt, 90.00pt)),)),
  ),
)
