#set page(width: auto, height: auto, margin: 8pt)
#set text(size: 10pt)
#import "/blockcell/lib.typ": *

#cuca-layout(
  direction: "lr",
  classes: (
    (x: 32.00pt, y: 40.48pt, width: 33.40pt, height: 17.00pt, kind: "class", name: [A], fields: (), methods: ()),
    (x: 32.00pt, y: 126.97pt, width: 40.13pt, height: 17.00pt, kind: "class", name: [M1], fields: (), methods: ()),
    (x: 32.00pt, y: 173.97pt, width: 40.13pt, height: 17.00pt, kind: "class", name: [M2], fields: (), methods: ()),
    (x: 32.00pt, y: 260.45pt, width: 32.54pt, height: 17.00pt, kind: "class", name: [B], fields: (), methods: ()),
  ),
  packages: (
    (x: 6.00pt, y: 3.00pt, w: 85.40pt, h: 80.48pt, kind: "package", label: [Left]),
    (x: 6.00pt, y: 89.48pt, w: 92.13pt, h: 127.48pt, kind: "package", label: [Middle]),
    (x: 6.00pt, y: 222.97pt, w: 84.54pt, h: 80.48pt, kind: "package", label: [Right]),
  ),
  edges: (
    (from: 0, to: 3, head-from: "none", head-to: "arrow-open", style: "solid", from-side: "left", to-side: "right", path: ((c1: (20.67pt, 48.98pt), c2: (9.33pt, 48.98pt), end: (-2.00pt, 48.98pt)), (c1: (-2.00pt, 122.31pt), c2: (-2.00pt, 195.63pt), end: (-2.00pt, 268.95pt)), (c1: (20.18pt, 268.95pt), c2: (42.36pt, 268.95pt), end: (64.54pt, 268.95pt)))),
  ),
)
