#set page(width: auto, height: auto, margin: 8pt)
#set text(size: 10pt)
#import "/blockcell/lib.typ": *

#cuca-layout(
  direction: "lr",
  classes: (
    (x: 18.00pt, y: 15.00pt, width: 33.40pt, height: 17.00pt, kind: "class", name: [A], fields: (), methods: ()),
    (x: 18.00pt, y: 96.00pt, width: 40.13pt, height: 17.00pt, kind: "class", name: [M1], fields: (), methods: ()),
    (x: 18.00pt, y: 143.00pt, width: 40.13pt, height: 17.00pt, kind: "class", name: [M2], fields: (), methods: ()),
    (x: 126.88pt, y: 15.00pt, width: 32.54pt, height: 17.00pt, kind: "class", name: [B], fields: (), methods: ()),
  ),
  packages: (
    (x: -19.48pt, y: -11.00pt, w: 96.88pt, h: 69.00pt, kind: "package", label: [Left]),
    (x: -19.48pt, y: 70.00pt, w: 103.61pt, h: 116.00pt, kind: "package", label: [Middle]),
    (x: 89.40pt, y: -11.00pt, w: 96.02pt, h: 69.00pt, kind: "package", label: [Right]),
  ),
  edges: (
    (from: 0, to: 3, head-from: "none", head-to: "arrow-open", style: "solid", from-side: "right", to-side: "left", from-y: 23.50pt, to-y: 23.50pt, path: ((c1: (89.14pt, 23.50pt), c2: (89.14pt, 23.50pt), end: (126.88pt, 23.50pt)),)),
  ),
)
