#set page(width: auto, height: auto, margin: 8pt)
#set text(size: 10pt)
#import "/blockcell/lib.typ": *

#cuca-layout(
  classes: (
    (x: 57.54pt, y: 12.00pt, width: 24.00pt, height: 47.58pt, kind: "actor", name: [User], fields: (), methods: ()),
    (x: 98.21pt, y: 12.00pt, width: 42.39pt, height: 47.58pt, kind: "actor", name: [GuestUser], fields: (), methods: ()),
    (x: 157.26pt, y: 26.56pt, width: 74.61pt, height: 18.45pt, kind: "component", name: [WebApp], fields: (), methods: ()),
    (x: 344.17pt, y: 103.69pt, width: 91.13pt, height: 18.45pt, kind: "component", name: [AuthService], fields: (), methods: ()),
    (x: 12.00pt, y: 92.91pt, width: 48.00pt, height: 28.00pt, kind: "usecase", name: [Login], fields: (), methods: ()),
    (x: 76.67pt, y: 92.91pt, width: 52.83pt, height: 28.00pt, kind: "usecase", name: [Logout], fields: (), methods: ()),
    (x: 363.17pt, y: 166.25pt, width: 53.14pt, height: 44.00pt, kind: "database", name: [User DB], fields: (), methods: ()),
    (x: 248.54pt, y: 25.58pt, width: 76.26pt, height: 34.00pt, kind: "node", name: [App Server], fields: (), methods: ()),
    (x: 245.84pt, y: 92.91pt, width: 81.67pt, height: 40.00pt, kind: "cloud", name: [External SSO], fields: (), methods: ()),
    (x: 353.46pt, y: 42.58pt, width: 72.55pt, height: 17.00pt, kind: "class", name: [\[WebApp\]], fields: (), methods: ()),
  ),
  edges: (
    (from: 0, to: 4, head-from: "none", head-to: "arrow-open", style: "solid", from-side: "bot", to-side: "top", from-x: 65.54pt, to-x: 36.00pt, path: ((c1: (55.69pt, 70.69pt), c2: (45.85pt, 81.80pt), end: (36.00pt, 92.91pt)),)),
    (from: 0, to: 5, head-from: "none", head-to: "arrow-open", style: "solid", from-side: "bot", to-side: "top", from-x: 73.54pt, to-x: 103.08pt, path: ((c1: (83.39pt, 70.69pt), c2: (93.23pt, 81.80pt), end: (103.08pt, 92.91pt)),)),
    (from: 9, to: 3, head-from: "none", head-to: "arrow-open", style: "solid", from-side: "bot", to-side: "top", from-x: 389.74pt, to-x: 389.74pt, path: ((c1: (389.74pt, 74.28pt), c2: (389.74pt, 88.99pt), end: (389.74pt, 103.69pt)),)),
    (from: 3, to: 6, head-from: "none", head-to: "arrow-open", style: "solid", from-side: "bot", to-side: "top", from-x: 389.74pt, to-x: 389.74pt, path: ((c1: (389.74pt, 136.84pt), c2: (389.74pt, 151.54pt), end: (389.74pt, 166.25pt)),)),
    (from: 7, to: 8, head-from: "none", head-to: "arrow-open", style: "solid", from-side: "bot", to-side: "top", from-x: 286.67pt, to-x: 286.67pt, path: ((c1: (286.67pt, 70.69pt), c2: (286.67pt, 81.80pt), end: (286.67pt, 92.91pt)),)),
  ),
)
