#set page(width: auto, height: auto, margin: 8pt)
#set text(size: 10pt)
#import "/blockcell/lib.typ": *

#align(center)[*Enum with class association*]

#cuca-layout(
  classes: (
    (x: 51.15pt, y: 110.65pt, width: 74.43pt, height: 79.90pt, kind: "enum", name: [OrderState], fields: ((vis: "", body: [PENDING]), (vis: "", body: [PAID]), (vis: "", body: [SHIPPED]), (vis: "", body: [DELIVERED]), (vis: "", body: [CANCELLED])), methods: ()),
    (x: 15.00pt, y: 18.00pt, width: 146.73pt, height: 56.65pt, kind: "class", name: [Order], fields: ((vis: "+", body: [id: UUID]), (vis: "+", body: [state: OrderState])), methods: ((vis: "+", body: [transition(to: OrderState): void]),)),
  ),
  edges: (
    (from: 1, to: 0, head-from: "none", head-to: "arrow-open", style: "solid", from-side: "bot", to-side: "top", from-x: 88.36pt, to-x: 88.36pt, label: [current], path: ((c1: (88.36pt, 92.65pt), c2: (88.36pt, 92.65pt), end: (88.36pt, 110.65pt)),)),
  ),
)
