#set page(width: auto, height: auto, margin: 8pt)
#set text(size: 10pt)
#import "/blockcell/lib.typ": *

#class-layout(
  classes: (
    (x: 15.00pt, y: 18.00pt, kind: "class", width: 109.00pt, height: 72.00pt, name: [Order], stereotype: [aggregate root], hide-marker: true, fields: ((vis: "+", body: [id: UUID]), (vis: "+", body: [total: Money])), methods: ()),
    (x: 36.00pt, y: 126.00pt, kind: "class", width: 67.00pt, height: 36.00pt, name: [LineItem], hide-marker: true, fields: ((vis: "+", body: [qty: int]),), methods: ()),
  ),
  edges: (
    (from: 0, to: 1, head-from: "diamond-filled", head-to: "none", style: "solid", from-side: "bot", to-side: "top", from-x: 69.50pt, to-x: 69.50pt, path: ((c1: (69.50pt, 108.00pt), c2: (69.50pt, 108.00pt), end: (69.50pt, 126.00pt)),)),
  ),
)
