#set page(width: auto, height: auto, margin: 8pt)
#set text(size: 10pt)
#import "/blockcell/lib.typ": *

#class-layout(
  classes: (
    (x: 9.10pt, y: 6.00pt, kind: "class", name: [Component], fields: (), methods: ()),
    (x: 3.00pt, y: 36.00pt, kind: "lollipop", name: [Provided]),
    (x: 53.00pt, y: 36.00pt, kind: "lollipop", name: [Required]),
  ),
  edges: (
    (from: 0, to: 1, head-from: "none", head-to: "none", style: "solid", from-side: "bot", to-side: "top", from-x: 28.05pt, to-x: 28.05pt, path: ((c1: (28.05pt, 28.00pt), c2: (28.05pt, 32.00pt), end: (28.05pt, 36.00pt)),)),
    (from: 0, to: 2, head-from: "none", head-to: "none", style: "solid", from-side: "bot", to-side: "top", from-x: 71.95pt, to-x: 71.95pt, path: ((c1: (71.95pt, 28.00pt), c2: (71.95pt, 32.00pt), end: (71.95pt, 36.00pt)),)),
  ),
)
