#set page(width: auto, height: auto, margin: 8pt)
#set text(size: 10pt)
#import "/blockcell/lib.typ": *

#cuca-layout(
  classes: (
    (x: 46.24pt, y: 43.48pt, width: 67.15pt, height: 17.00pt, kind: "class", name: [TopLevel], fields: (), methods: ()),
    (x: 45.93pt, y: 121.97pt, width: 67.76pt, height: 17.00pt, kind: "class", name: [MidLevel], fields: (), methods: ()),
    (x: 57.00pt, y: 200.45pt, width: 45.63pt, height: 17.00pt, kind: "class", name: [Leaf], fields: (), methods: ()),
  ),
  packages: (
    (x: 3.00pt, y: 6.00pt, w: 153.63pt, h: 265.45pt, kind: "package", label: [Grandparent]),
    (x: 17.00pt, y: 84.48pt, w: 125.63pt, h: 172.96pt, kind: "package", label: [Parent]),
    (x: 31.00pt, y: 162.97pt, w: 97.63pt, h: 80.48pt, kind: "package", label: [Child]),
  ),
  edges: (
    (from: 0, to: 1, head-from: "none", head-to: "arrow-open", style: "solid", from-side: "bot", to-side: "top", from-x: 79.81pt, to-x: 79.81pt, path: ((c1: (79.81pt, 80.98pt), c2: (79.81pt, 101.47pt), end: (79.81pt, 121.97pt)),)),
    (from: 1, to: 2, head-from: "none", head-to: "arrow-open", style: "solid", from-side: "bot", to-side: "top", from-x: 79.81pt, to-x: 79.81pt, path: ((c1: (79.81pt, 159.46pt), c2: (79.81pt, 179.95pt), end: (79.81pt, 200.45pt)),)),
  ),
)
