#set page(width: auto, height: auto, margin: 8pt)
#set text(size: 10pt)
#import "/blockcell/lib.typ": *

#class-layout(
  classes: (
    (x: 17.00pt, y: 34.00pt, kind: "class", name: [Order], fields: ((vis: "+", body: [id: UUID]),), methods: ((vis: "+", body: [total(): Money]),)),
    (x: 29.20pt, y: 100.00pt, kind: "class", name: [LineItem], fields: ((vis: "+", body: [qty: int]),), methods: ()),
    (x: 23.00pt, y: 190.00pt, kind: "class", name: [Repository], fields: (), methods: ()),
    (x: 151.00pt, y: 34.00pt, kind: "class", name: [Invoice], fields: (), methods: ()),
    (x: 151.00pt, y: 64.00pt, kind: "class", name: [Payment], fields: (), methods: ()),
  ),
  packages: (
    (x: 3.00pt, y: 6.00pt, w: 128.00pt, h: 144.00pt, kind: "package", label: [Domain]),
    (x: 9.00pt, y: 162.00pt, w: 116.00pt, h: 60.00pt, kind: "package", label: [Infrastructure]),
    (x: 137.00pt, y: 6.00pt, w: 97.40pt, h: 90.00pt, kind: "namespace", label: [billing]),
  ),
  edges: (
    (from: 0, to: 1, head-from: "diamond-filled", head-to: "none", style: "solid", path: ((c1: (67.00pt, 92.00pt), c2: (67.00pt, 96.00pt), end: (67.00pt, 100.00pt)),)),
    (from: 3, to: 4, head-from: "none", head-to: "arrow-open", style: "solid", path: ((c1: (185.70pt, 56.00pt), c2: (185.70pt, 60.00pt), end: (185.70pt, 64.00pt)),)),
    (from: 0, to: 2, head-from: "none", head-to: "arrow-open", style: "solid", path: ((c1: (67.00pt, 118.00pt), c2: (67.00pt, 160.00pt), end: (67.00pt, 190.00pt)),)),
  ),
)
