#set page(width: auto, height: auto, margin: 8pt)
#set text(size: 10pt)
#import "/blockcell/lib.typ": *

#cuca-layout(
  classes: (
    (x: 96.59pt, y: 53.15pt, width: 79.01pt, height: 43.44pt, kind: "class", name: [Order], fields: ((vis: "+", body: [id: UUID]),), methods: ((vis: "+", body: [total(): Money]),)),
    (x: 33.33pt, y: 129.92pt, width: 67.23pt, height: 30.22pt, kind: "class", name: [LineItem], fields: ((vis: "+", body: [qty: int]),), methods: ()),
    (x: 233.93pt, y: 190.30pt, width: 76.03pt, height: 17.00pt, kind: "class", name: [Repository], fields: (), methods: ()),
    (x: 313.55pt, y: 53.15pt, width: 59.22pt, height: 17.00pt, kind: "class", name: [Invoice], fields: (), methods: ()),
    (x: 309.93pt, y: 103.48pt, width: 66.46pt, height: 17.00pt, kind: "class", name: [Payment], fields: (), methods: ()),
  ),
  packages: (
    (x: 8.33pt, y: 16.67pt, w: 192.27pt, h: 168.47pt, kind: "package", label: [Domain]),
    (x: 208.93pt, y: 153.82pt, w: 126.03pt, h: 78.48pt, kind: "package", label: [Infrastructure]),
    (x: 284.93pt, y: 16.67pt, w: 116.46pt, h: 128.82pt, kind: "package", label: [billing]),
  ),
  edges: (
    (from: 0, to: 1, head-from: "diamond-filled", head-to: "none", style: "solid", from-side: "bot", to-side: "top", from-x: 136.10pt, to-x: 66.95pt, path: ((c1: (113.05pt, 107.70pt), c2: (90.00pt, 118.81pt), end: (66.95pt, 129.92pt)),)),
    (from: 3, to: 4, head-from: "none", head-to: "arrow-open", style: "solid", from-side: "bot", to-side: "top", from-x: 343.16pt, to-x: 343.16pt, path: ((c1: (343.16pt, 81.26pt), c2: (343.16pt, 92.37pt), end: (343.16pt, 103.48pt)),)),
    (from: 0, to: 2, head-from: "none", head-to: "arrow-open", style: "solid", from-side: "bot", to-side: "top", from-x: 136.10pt, to-x: 271.95pt, path: ((c1: (181.38pt, 127.82pt), c2: (226.67pt, 159.06pt), end: (271.95pt, 190.30pt)),)),
  ),
)
