#set page(width: auto, height: auto, margin: 8pt)
#set text(size: 10pt)
#import "/blockcell/lib.typ": *

#align(center)[*All M5 USymbol painters*]

#cuca-layout(
  classes: (
    (x: 66.15pt, y: 12.00pt, width: 24.00pt, height: 47.58pt, kind: "actor", name: [Alice], fields: (), methods: ()),
    (x: 54.15pt, y: 94.91pt, width: 48.00pt, height: 28.00pt, kind: "usecase", name: [Login], fields: (), methods: ()),
    (x: 40.84pt, y: 172.61pt, width: 74.61pt, height: 18.45pt, kind: "component", name: [WebApp], fields: (), methods: ()),
    (x: 12.00pt, y: 231.58pt, width: 54.07pt, height: 44.00pt, kind: "database", name: [Postgres], fields: (), methods: ()),
    (x: 82.74pt, y: 236.58pt, width: 69.05pt, height: 34.00pt, kind: "node", name: [App Host], fields: (), methods: ()),
    (x: 72.98pt, y: 308.91pt, width: 88.57pt, height: 40.00pt, kind: "cloud", name: [Public Internet], fields: (), methods: ()),
    (x: 179.81pt, y: 35.58pt, width: 43.95pt, height: 24.00pt, kind: "rectangle", name: [Plain], fields: (), methods: ()),
    (x: 165.26pt, y: 92.91pt, width: 73.05pt, height: 32.00pt, kind: "folder", name: [Source Tree], fields: (), methods: ()),
    (x: 171.78pt, y: 158.25pt, width: 60.00pt, height: 40.00pt, kind: "frame", name: [UI Layer], fields: (), methods: ()),
    (x: 168.45pt, y: 231.58pt, width: 66.66pt, height: 30.00pt, kind: "file", name: [Readme], fields: (), methods: ()),
  ),
  edges: (
    (from: 0, to: 1, head-from: "none", head-to: "arrow-open", style: "solid", from-side: "bot", to-side: "top", from-x: 78.15pt, to-x: 78.15pt, path: ((c1: (78.15pt, 71.36pt), c2: (78.15pt, 83.14pt), end: (78.15pt, 94.91pt)),)),
    (from: 1, to: 2, head-from: "none", head-to: "arrow-open", style: "solid", from-side: "bot", to-side: "top", from-x: 78.15pt, to-x: 78.15pt, path: ((c1: (78.15pt, 139.48pt), c2: (78.15pt, 156.05pt), end: (78.15pt, 172.61pt)),)),
    (from: 2, to: 3, head-from: "none", head-to: "arrow-open", style: "solid", from-side: "bot", to-side: "top", from-x: 65.71pt, to-x: 39.03pt, path: ((c1: (65.71pt, 196.24pt), c2: (65.71pt, 201.41pt), end: (65.71pt, 206.58pt)), (c1: (65.71pt, 211.18pt), c2: (61.98pt, 214.91pt), end: (57.38pt, 214.91pt)), (c1: (54.04pt, 214.91pt), c2: (50.71pt, 214.91pt), end: (47.37pt, 214.91pt)), (c1: (42.77pt, 214.91pt), c2: (39.03pt, 218.64pt), end: (39.03pt, 223.25pt)), (c1: (39.03pt, 226.02pt), c2: (39.03pt, 228.80pt), end: (39.03pt, 231.58pt)))),
    (from: 2, to: 4, head-from: "none", head-to: "arrow-open", style: "solid", from-side: "bot", to-side: "top", from-x: 90.58pt, to-x: 117.26pt, path: ((c1: (90.58pt, 196.24pt), c2: (90.58pt, 201.41pt), end: (90.58pt, 206.58pt)), (c1: (90.58pt, 211.18pt), c2: (94.31pt, 214.91pt), end: (98.92pt, 214.91pt)), (c1: (102.25pt, 214.91pt), c2: (105.59pt, 214.91pt), end: (108.93pt, 214.91pt)), (c1: (113.53pt, 214.91pt), c2: (117.26pt, 218.64pt), end: (117.26pt, 223.25pt)), (c1: (117.26pt, 227.69pt), c2: (117.26pt, 232.14pt), end: (117.26pt, 236.58pt)))),
    (from: 4, to: 5, head-from: "none", head-to: "arrow-open", style: "solid", from-side: "bot", to-side: "top", from-x: 117.26pt, to-x: 117.26pt, path: ((c1: (117.26pt, 283.36pt), c2: (117.26pt, 296.14pt), end: (117.26pt, 308.91pt)),)),
    (from: 6, to: 7, head-from: "none", head-to: "arrow-open", style: "solid", from-side: "bot", to-side: "top", from-x: 201.78pt, to-x: 201.78pt, path: ((c1: (201.78pt, 70.69pt), c2: (201.78pt, 81.80pt), end: (201.78pt, 92.91pt)),)),
    (from: 7, to: 8, head-from: "none", head-to: "arrow-open", style: "solid", from-side: "bot", to-side: "top", from-x: 201.78pt, to-x: 201.78pt, path: ((c1: (201.78pt, 136.02pt), c2: (201.78pt, 147.14pt), end: (201.78pt, 158.25pt)),)),
    (from: 8, to: 9, head-from: "none", head-to: "arrow-open", style: "solid", from-side: "bot", to-side: "top", from-x: 201.78pt, to-x: 201.78pt, path: ((c1: (201.78pt, 209.36pt), c2: (201.78pt, 220.47pt), end: (201.78pt, 231.58pt)),)),
  ),
)
