#set page(width: auto, height: auto, margin: 8pt)
#set text(size: 10pt)
#import "/blockcell/lib.typ": *

#align(center)[*All M5 USymbol painters*]

#cuca-layout(
  classes: (
    (x: 62.48pt, y: 16.67pt, width: 24.00pt, height: 47.58pt, kind: "actor", name: [Alice], fields: (), methods: ()),
    (x: 50.48pt, y: 97.58pt, width: 48.00pt, height: 28.00pt, kind: "usecase", name: [Login], fields: (), methods: ()),
    (x: 37.18pt, y: 158.91pt, width: 74.61pt, height: 18.45pt, kind: "component", name: [WebApp], fields: (), methods: ()),
    (x: 8.33pt, y: 210.70pt, width: 54.07pt, height: 44.00pt, kind: "database", name: [Postgres], fields: (), methods: ()),
    (x: 79.07pt, y: 210.70pt, width: 69.05pt, height: 34.00pt, kind: "node", name: [App Host], fields: (), methods: ()),
    (x: 69.31pt, y: 288.03pt, width: 88.57pt, height: 40.00pt, kind: "cloud", name: [Public Internet], fields: (), methods: ()),
    (x: 176.14pt, y: 16.67pt, width: 43.95pt, height: 24.00pt, kind: "rectangle", name: [Plain], fields: (), methods: ()),
    (x: 161.59pt, y: 74.00pt, width: 73.05pt, height: 32.00pt, kind: "folder", name: [Source Tree], fields: (), methods: ()),
    (x: 168.12pt, y: 139.33pt, width: 60.00pt, height: 40.00pt, kind: "frame", name: [UI Layer], fields: (), methods: ()),
    (x: 164.79pt, y: 212.67pt, width: 66.66pt, height: 30.00pt, kind: "file", name: [Readme], fields: (), methods: ()),
  ),
  edges: (
    (from: 0, to: 1, head-from: "none", head-to: "arrow-open", style: "solid", from-side: "bot", to-side: "top", from-x: 74.48pt, to-x: 74.48pt, path: ((c1: (74.48pt, 75.36pt), c2: (74.48pt, 86.47pt), end: (74.48pt, 97.58pt)),)),
    (from: 1, to: 2, head-from: "none", head-to: "arrow-open", style: "solid", from-side: "bot", to-side: "top", from-x: 74.48pt, to-x: 74.48pt, path: ((c1: (74.48pt, 136.69pt), c2: (74.48pt, 147.80pt), end: (74.48pt, 158.91pt)),)),
    (from: 2, to: 3, head-from: "none", head-to: "arrow-open", style: "solid", from-side: "bot", to-side: "top", path: ((c1: (74.48pt, 180.14pt), c2: (74.48pt, 182.92pt), end: (74.48pt, 185.70pt)), (c1: (74.48pt, 190.30pt), c2: (70.75pt, 194.03pt), end: (66.15pt, 194.03pt)), (c1: (58.67pt, 194.03pt), c2: (51.18pt, 194.03pt), end: (43.70pt, 194.03pt)), (c1: (39.10pt, 194.03pt), c2: (35.37pt, 197.76pt), end: (35.37pt, 202.36pt)), (c1: (35.37pt, 205.14pt), c2: (35.37pt, 207.92pt), end: (35.37pt, 210.70pt)))),
    (from: 2, to: 4, head-from: "none", head-to: "arrow-open", style: "solid", from-side: "bot", to-side: "top", path: ((c1: (74.48pt, 180.14pt), c2: (74.48pt, 182.92pt), end: (74.48pt, 185.70pt)), (c1: (74.48pt, 190.30pt), c2: (78.21pt, 194.03pt), end: (82.81pt, 194.03pt)), (c1: (90.30pt, 194.03pt), c2: (97.78pt, 194.03pt), end: (105.26pt, 194.03pt)), (c1: (109.86pt, 194.03pt), c2: (113.59pt, 197.76pt), end: (113.59pt, 202.36pt)), (c1: (113.59pt, 205.14pt), c2: (113.59pt, 207.92pt), end: (113.59pt, 210.70pt)))),
    (from: 4, to: 5, head-from: "none", head-to: "arrow-open", style: "solid", from-side: "bot", to-side: "top", from-x: 113.59pt, to-x: 113.59pt, path: ((c1: (113.59pt, 259.14pt), c2: (113.59pt, 273.59pt), end: (113.59pt, 288.03pt)),)),
    (from: 6, to: 7, head-from: "none", head-to: "arrow-open", style: "solid", from-side: "bot", to-side: "top", from-x: 198.12pt, to-x: 198.12pt, path: ((c1: (198.12pt, 51.78pt), c2: (198.12pt, 62.89pt), end: (198.12pt, 74.00pt)),)),
    (from: 7, to: 8, head-from: "none", head-to: "arrow-open", style: "solid", from-side: "bot", to-side: "top", from-x: 198.12pt, to-x: 198.12pt, path: ((c1: (198.12pt, 117.11pt), c2: (198.12pt, 128.22pt), end: (198.12pt, 139.33pt)),)),
    (from: 8, to: 9, head-from: "none", head-to: "arrow-open", style: "solid", from-side: "bot", to-side: "top", from-x: 198.12pt, to-x: 198.12pt, path: ((c1: (198.12pt, 190.44pt), c2: (198.12pt, 201.56pt), end: (198.12pt, 212.67pt)),)),
  ),
)
