#set page(width: auto, height: auto, margin: 8pt)
#set text(size: 10pt)
#import "/blockcell/lib.typ": *

#align(center)[*M5 core desc-family painters*]

#cuca-layout(
  classes: (
    (x: 168.94pt, y: 18.00pt, width: 24.00pt, height: 47.58pt, kind: "actor", name: [Alice], fields: (), methods: ()),
    (x: 263.28pt, y: 18.00pt, width: 69.78pt, height: 47.58pt, kind: "actor", name: [Business Analyst], fields: (), methods: ()),
    (x: 190.88pt, y: 101.58pt, width: 97.35pt, height: 18.45pt, kind: "component", name: [WebFrontend], fields: (), methods: ()),
    (x: 15.00pt, y: 156.03pt, width: 93.63pt, height: 18.45pt, kind: "component", name: [Auth Service], fields: (), methods: ()),
    (x: 95.09pt, y: 226.03pt, width: 54.07pt, height: 44.00pt, kind: "database", name: [Postgres], fields: (), methods: ()),
    (x: 262.33pt, y: 226.03pt, width: 75.46pt, height: 44.00pt, kind: "database", name: [Analytics DB], fields: (), methods: ()),
    (x: 138.63pt, y: 156.03pt, width: 87.62pt, height: 34.00pt, kind: "node", name: [AppServer-01], fields: (), methods: ()),
    (x: 256.25pt, y: 156.03pt, width: 87.62pt, height: 34.00pt, kind: "node", name: [AppServer-02], fields: (), methods: ()),
  ),
  edges: (
    (from: 0, to: 2, head-from: "none", head-to: "arrow-open", style: "solid", from-side: "bot", to-side: "top", from-x: 180.94pt, to-x: 205.48pt, path: ((c1: (189.12pt, 77.58pt), c2: (197.30pt, 89.58pt), end: (205.48pt, 101.58pt)),)),
    (from: 1, to: 2, head-from: "none", head-to: "arrow-open", style: "solid", from-side: "bot", to-side: "top", from-x: 298.17pt, to-x: 273.62pt, path: ((c1: (289.99pt, 77.58pt), c2: (281.81pt, 89.58pt), end: (273.62pt, 101.58pt)),)),
    (from: 2, to: 3, head-from: "none", head-to: "arrow-open", style: "solid", from-side: "bot", to-side: "top", from-x: 239.55pt, to-x: 61.81pt, path: ((c1: (180.31pt, 132.03pt), c2: (121.06pt, 144.03pt), end: (61.81pt, 156.03pt)),)),
    (from: 3, to: 4, head-from: "none", head-to: "arrow-open", style: "solid", from-side: "bot", to-side: "top", from-x: 61.81pt, to-x: 103.20pt, path: ((c1: (75.61pt, 191.66pt), c2: (89.41pt, 208.85pt), end: (103.20pt, 226.03pt)),)),
    (from: 2, to: 6, head-from: "none", head-to: "arrow-open", style: "solid", from-side: "bot", to-side: "top", from-x: 239.55pt, to-x: 182.44pt, path: ((c1: (220.51pt, 132.03pt), c2: (201.48pt, 144.03pt), end: (182.44pt, 156.03pt)),)),
    (from: 2, to: 7, head-from: "none", head-to: "arrow-open", style: "solid", from-side: "bot", to-side: "top", from-x: 239.55pt, to-x: 300.06pt, path: ((c1: (259.72pt, 132.03pt), c2: (279.89pt, 144.03pt), end: (300.06pt, 156.03pt)),)),
    (from: 6, to: 4, head-from: "none", head-to: "arrow-open", style: "solid", from-side: "bot", to-side: "top", from-x: 182.44pt, to-x: 141.05pt, path: ((c1: (168.64pt, 202.03pt), c2: (154.85pt, 214.03pt), end: (141.05pt, 226.03pt)),)),
    (from: 7, to: 5, head-from: "none", head-to: "arrow-open", style: "solid", from-side: "bot", to-side: "top", from-x: 300.06pt, to-x: 300.06pt, path: ((c1: (300.06pt, 202.03pt), c2: (300.06pt, 214.03pt), end: (300.06pt, 226.03pt)),)),
  ),
)
