#set page(width: auto, height: auto, margin: 8pt)
#set text(size: 10pt)
#import "/blockcell/lib.typ": *

#align(center)[*Stack / agent / person / boundary / control*]

#cuca-layout(
  classes: (
    (x: 15.73pt, y: 90.91pt, width: 61.85pt, height: 30.00pt, kind: "stack", name: [DocStack], fields: (), methods: ()),
    (x: 12.00pt, y: 34.19pt, width: 69.32pt, height: 23.39pt, kind: "agent", name: [AutoBuyer], fields: (), methods: ()),
    (x: 99.21pt, y: 12.00pt, width: 39.96pt, height: 45.58pt, kind: "person", name: [Customer], fields: (), methods: ()),
    (x: 94.25pt, y: 93.12pt, width: 49.88pt, height: 25.58pt, kind: "boundary", name: [UIBoundary], fields: (), methods: ()),
    (x: 78.43pt, y: 154.25pt, width: 81.52pt, height: 29.58pt, kind: "control", name: [CheckoutController], fields: (), methods: ()),
  ),
  edges: (
    (from: 2, to: 3, head-from: "none", head-to: "arrow-open", style: "solid", from-side: "bot", to-side: "top", from-x: 119.19pt, to-x: 119.19pt, path: ((c1: (119.19pt, 69.43pt), c2: (119.19pt, 81.28pt), end: (119.19pt, 93.12pt)),)),
    (from: 3, to: 4, head-from: "none", head-to: "arrow-open", style: "solid", from-side: "bot", to-side: "top", from-x: 119.19pt, to-x: 119.19pt, path: ((c1: (119.19pt, 130.55pt), c2: (119.19pt, 142.40pt), end: (119.19pt, 154.25pt)),)),
    (from: 1, to: 0, head-from: "none", head-to: "arrow-open", style: "solid", from-side: "bot", to-side: "top", from-x: 46.66pt, to-x: 46.66pt, path: ((c1: (46.66pt, 68.69pt), c2: (46.66pt, 79.80pt), end: (46.66pt, 90.91pt)),)),
  ),
)
