#set page(width: auto, height: auto, margin: 8pt)
#set text(size: 10pt)
#import "/blockcell/lib.typ": *

#align(center)[*Activity / process-flavor shapes*]

#cuca-layout(
  classes: (
    (x: 12.00pt, y: 12.00pt, width: 94.06pt, height: 32.00pt, kind: "artifact", name: [ReleaseNotes], fields: (), methods: ()),
    (x: 19.67pt, y: 77.33pt, width: 78.71pt, height: 30.00pt, kind: "collections", name: [Order Batch], fields: (), methods: ()),
    (x: 30.49pt, y: 140.67pt, width: 57.07pt, height: 26.00pt, kind: "action", name: [Validate], fields: (), methods: ()),
    (x: 62.56pt, y: 200.00pt, width: 73.65pt, height: 28.00pt, kind: "process", name: [Pipeline], fields: (), methods: ()),
    (x: 104.23pt, y: 160.09pt, width: 71.02pt, height: 6.58pt, kind: "label", name: [EXPERIMENTAL], fields: (), methods: ()),
  ),
  edges: (
    (from: 0, to: 1, head-from: "none", head-to: "arrow-open", style: "solid", from-side: "bot", to-side: "top", from-x: 59.03pt, to-x: 59.03pt, path: ((c1: (59.03pt, 55.11pt), c2: (59.03pt, 66.22pt), end: (59.03pt, 77.33pt)),)),
    (from: 1, to: 2, head-from: "none", head-to: "arrow-open", style: "solid", from-side: "bot", to-side: "top", from-x: 59.03pt, to-x: 59.03pt, path: ((c1: (59.03pt, 118.44pt), c2: (59.03pt, 129.56pt), end: (59.03pt, 140.67pt)),)),
    (from: 2, to: 3, head-from: "none", head-to: "arrow-open", style: "solid", from-side: "bot", to-side: "top", from-x: 59.03pt, to-x: 87.11pt, path: ((c1: (59.03pt, 169.44pt), c2: (59.03pt, 172.22pt), end: (59.03pt, 175.00pt)), (c1: (59.03pt, 179.60pt), c2: (62.76pt, 183.33pt), end: (67.36pt, 183.33pt)), (c1: (71.17pt, 183.33pt), c2: (74.97pt, 183.33pt), end: (78.78pt, 183.33pt)), (c1: (83.38pt, 183.33pt), c2: (87.11pt, 187.06pt), end: (87.11pt, 191.67pt)), (c1: (87.11pt, 194.44pt), c2: (87.11pt, 197.22pt), end: (87.11pt, 200.00pt)))),
    (from: 4, to: 3, head-from: "none", head-to: "arrow-open", style: "solid", from-side: "bot", to-side: "top", from-x: 139.74pt, to-x: 111.66pt, path: ((c1: (139.74pt, 169.44pt), c2: (139.74pt, 172.22pt), end: (139.74pt, 175.00pt)), (c1: (139.74pt, 179.60pt), c2: (136.01pt, 183.33pt), end: (131.41pt, 183.33pt)), (c1: (127.60pt, 183.33pt), c2: (123.80pt, 183.33pt), end: (119.99pt, 183.33pt)), (c1: (115.39pt, 183.33pt), c2: (111.66pt, 187.06pt), end: (111.66pt, 191.67pt)), (c1: (111.66pt, 194.44pt), c2: (111.66pt, 197.22pt), end: (111.66pt, 200.00pt)))),
  ),
)
