#set page(width: auto, height: auto, margin: 8pt)
#set text(size: 10pt)
#import "/blockcell/lib.typ": *

#align(center)[*Activity / process-flavor shapes*]

#cuca-layout(
  classes: (
    (x: 8.33pt, y: 16.67pt, width: 94.06pt, height: 32.00pt, kind: "artifact", name: [ReleaseNotes], fields: (), methods: ()),
    (x: 16.01pt, y: 82.00pt, width: 78.71pt, height: 30.00pt, kind: "collections", name: [Order Batch], fields: (), methods: ()),
    (x: 26.83pt, y: 145.33pt, width: 57.07pt, height: 26.00pt, kind: "action", name: [Validate], fields: (), methods: ()),
    (x: 58.89pt, y: 204.67pt, width: 73.65pt, height: 28.00pt, kind: "process", name: [Pipeline], fields: (), methods: ()),
    (x: 100.56pt, y: 145.33pt, width: 71.02pt, height: 6.58pt, kind: "label", name: [EXPERIMENTAL], fields: (), methods: ()),
  ),
  edges: (
    (from: 0, to: 1, head-from: "none", head-to: "arrow-open", style: "solid", from-side: "bot", to-side: "top", from-x: 55.36pt, to-x: 55.36pt, path: ((c1: (55.36pt, 59.78pt), c2: (55.36pt, 70.89pt), end: (55.36pt, 82.00pt)),)),
    (from: 1, to: 2, head-from: "none", head-to: "arrow-open", style: "solid", from-side: "bot", to-side: "top", from-x: 55.36pt, to-x: 55.36pt, path: ((c1: (55.36pt, 123.11pt), c2: (55.36pt, 134.22pt), end: (55.36pt, 145.33pt)),)),
    (from: 2, to: 3, head-from: "none", head-to: "arrow-open", style: "solid", from-side: "bot", to-side: "top", to-x: 69.94pt, path: ((c1: (55.36pt, 185.57pt), c2: (55.36pt, 199.81pt), end: (55.36pt, 214.04pt)), (c1: (55.36pt, 218.07pt), c2: (58.63pt, 221.33pt), end: (62.65pt, 221.33pt)), (c1: (62.65pt, 221.33pt), c2: (62.65pt, 221.33pt), end: (62.65pt, 221.33pt)), (c1: (66.68pt, 221.33pt), c2: (69.94pt, 218.07pt), end: (69.94pt, 214.04pt)), (c1: (69.94pt, 210.92pt), c2: (69.94pt, 207.79pt), end: (69.94pt, 204.67pt)))),
    (from: 4, to: 3, head-from: "none", head-to: "arrow-open", style: "solid", from-side: "bot", to-side: "top", to-x: 121.50pt, path: ((c1: (136.07pt, 172.62pt), c2: (136.07pt, 193.33pt), end: (136.07pt, 214.04pt)), (c1: (136.07pt, 218.07pt), c2: (132.81pt, 221.33pt), end: (128.79pt, 221.33pt)), (c1: (128.79pt, 221.33pt), c2: (128.79pt, 221.33pt), end: (128.79pt, 221.33pt)), (c1: (124.76pt, 221.33pt), c2: (121.50pt, 218.07pt), end: (121.50pt, 214.04pt)), (c1: (121.50pt, 210.92pt), c2: (121.50pt, 207.79pt), end: (121.50pt, 204.67pt)))),
  ),
)
