#set page(width: auto, height: auto, margin: 8pt)
#set text(size: 10pt)
#import "/blockcell/lib.typ": *

#align(center)[*Stack / agent / person / boundary / control*]

#cuca-layout(
  classes: (
    (x: 12.07pt, y: 73.39pt, width: 61.85pt, height: 30.00pt, kind: "stack", name: [DocStack], fields: (), methods: ()),
    (x: 8.33pt, y: 16.67pt, width: 69.32pt, height: 23.39pt, kind: "agent", name: [AutoBuyer], fields: (), methods: ()),
    (x: 95.54pt, y: 16.67pt, width: 39.96pt, height: 45.58pt, kind: "person", name: [Customer], fields: (), methods: ()),
    (x: 90.58pt, y: 95.58pt, width: 49.88pt, height: 25.58pt, kind: "boundary", name: [UIBoundary], fields: (), methods: ()),
    (x: 74.76pt, y: 154.49pt, width: 81.52pt, height: 29.58pt, kind: "control", name: [CheckoutController], fields: (), methods: ()),
  ),
  edges: (
    (from: 2, to: 3, head-from: "none", head-to: "arrow-open", style: "solid", from-side: "bot", to-side: "top", from-x: 115.52pt, to-x: 115.52pt, path: ((c1: (115.52pt, 73.36pt), c2: (115.52pt, 84.47pt), end: (115.52pt, 95.58pt)),)),
    (from: 3, to: 4, head-from: "none", head-to: "arrow-open", style: "solid", from-side: "bot", to-side: "top", from-x: 115.53pt, to-x: 115.53pt, path: ((c1: (115.53pt, 132.27pt), c2: (115.53pt, 143.38pt), end: (115.53pt, 154.49pt)),)),
    (from: 1, to: 0, head-from: "none", head-to: "arrow-open", style: "solid", from-side: "bot", to-side: "top", from-x: 42.99pt, to-x: 42.99pt, path: ((c1: (42.99pt, 51.16pt), c2: (42.99pt, 62.27pt), end: (42.99pt, 73.39pt)),)),
  ),
)
