#set page(width: auto, height: auto, margin: 8pt)
#set text(size: 10pt)
#import "/blockcell/lib.typ": *

#align(center)[*M5 core desc-family painters*]

#cuca-layout(
  classes: (
    (x: 148.94pt, y: 16.67pt, width: 24.00pt, height: 47.58pt, kind: "actor", name: [Alice], fields: (), methods: ()),
    (x: 226.61pt, y: 16.67pt, width: 69.78pt, height: 47.58pt, kind: "actor", name: [Business Analyst], fields: (), methods: ()),
    (x: 162.54pt, y: 97.58pt, width: 97.35pt, height: 18.45pt, kind: "component", name: [WebFrontend], fields: (), methods: ()),
    (x: 8.33pt, y: 149.36pt, width: 93.63pt, height: 18.45pt, kind: "component", name: [Auth Service], fields: (), methods: ()),
    (x: 81.76pt, y: 216.70pt, width: 54.07pt, height: 44.00pt, kind: "database", name: [Postgres], fields: (), methods: ()),
    (x: 229.00pt, y: 216.70pt, width: 75.46pt, height: 44.00pt, kind: "database", name: [Analytics DB], fields: (), methods: ()),
    (x: 118.63pt, y: 149.36pt, width: 87.62pt, height: 34.00pt, kind: "node", name: [AppServer-01], fields: (), methods: ()),
    (x: 222.92pt, y: 149.36pt, width: 87.62pt, height: 34.00pt, kind: "node", name: [AppServer-02], fields: (), methods: ()),
  ),
  edges: (
    (from: 0, to: 2, head-from: "none", head-to: "arrow-open", style: "solid", from-side: "bot", to-side: "top", from-x: 160.94pt, to-x: 177.15pt, path: ((c1: (166.34pt, 75.36pt), c2: (171.74pt, 86.47pt), end: (177.15pt, 97.58pt)),)),
    (from: 1, to: 2, head-from: "none", head-to: "arrow-open", style: "solid", from-side: "bot", to-side: "top", from-x: 261.50pt, to-x: 245.29pt, path: ((c1: (256.10pt, 75.36pt), c2: (250.69pt, 86.47pt), end: (245.29pt, 97.58pt)),)),
    (from: 2, to: 3, head-from: "none", head-to: "arrow-open", style: "solid", from-side: "bot", to-side: "top", from-x: 211.22pt, to-x: 55.15pt, path: ((c1: (159.20pt, 127.14pt), c2: (107.17pt, 138.25pt), end: (55.15pt, 149.36pt)),)),
    (from: 3, to: 4, head-from: "none", head-to: "arrow-open", style: "solid", from-side: "bot", to-side: "top", from-x: 55.15pt, to-x: 89.87pt, path: ((c1: (66.72pt, 184.11pt), c2: (78.30pt, 200.40pt), end: (89.87pt, 216.70pt)),)),
    (from: 2, to: 6, head-from: "none", head-to: "arrow-open", style: "solid", from-side: "bot", to-side: "top", from-x: 211.22pt, to-x: 162.44pt, path: ((c1: (194.96pt, 127.14pt), c2: (178.70pt, 138.25pt), end: (162.44pt, 149.36pt)),)),
    (from: 2, to: 7, head-from: "none", head-to: "arrow-open", style: "solid", from-side: "bot", to-side: "top", from-x: 211.22pt, to-x: 266.73pt, path: ((c1: (229.72pt, 127.14pt), c2: (248.22pt, 138.25pt), end: (266.73pt, 149.36pt)),)),
    (from: 6, to: 4, head-from: "none", head-to: "arrow-open", style: "solid", from-side: "bot", to-side: "top", from-x: 162.44pt, to-x: 127.72pt, path: ((c1: (150.87pt, 194.47pt), c2: (139.29pt, 205.59pt), end: (127.72pt, 216.70pt)),)),
    (from: 7, to: 5, head-from: "none", head-to: "arrow-open", style: "solid", from-side: "bot", to-side: "top", from-x: 266.73pt, to-x: 266.73pt, path: ((c1: (266.73pt, 194.47pt), c2: (266.73pt, 205.59pt), end: (266.73pt, 216.70pt)),)),
  ),
)
