#set page(width: auto, height: auto, margin: 8pt)
#set text(size: 10pt)
#import "/blockcell/lib.typ": *

#align(center)[*Deployment-flavor shapes (queue / storage / hexagon / card)*]

#class-layout(
  classes: (
    (x: 15.00pt, y: 18.00pt, width: 78.37pt, height: 28.00pt, kind: "queue", name: [MessageBus], fields: (), methods: ()),
    (x: 20.22pt, y: 82.00pt, width: 67.94pt, height: 28.00pt, kind: "storage", name: [BlobStore], fields: (), methods: ()),
    (x: 123.37pt, y: 18.00pt, width: 103.86pt, height: 30.00pt, kind: "hexagon", name: [GatewayFilter], fields: (), methods: ()),
    (x: 141.52pt, y: 84.00pt, width: 67.57pt, height: 28.00pt, kind: "card", name: [Quick Tile], fields: (), methods: ()),
    (x: 134.57pt, y: 148.00pt, width: 81.47pt, height: 28.00pt, kind: "queue", name: [Event Queue], fields: (), methods: ()),
    (x: 134.55pt, y: 212.00pt, width: 81.50pt, height: 28.00pt, kind: "storage", name: [Cold Storage], fields: (), methods: ()),
  ),
  edges: (
    (from: 0, to: 1, head-from: "none", head-to: "arrow-open", style: "solid", from-side: "bot", to-side: "top", from-x: 54.19pt, to-x: 54.19pt, path: ((c1: (54.19pt, 64.00pt), c2: (54.19pt, 64.00pt), end: (54.19pt, 82.00pt)),)),
    (from: 2, to: 3, head-from: "none", head-to: "arrow-open", style: "solid", from-side: "bot", to-side: "top", from-x: 175.30pt, to-x: 175.30pt, path: ((c1: (175.30pt, 66.00pt), c2: (175.30pt, 66.00pt), end: (175.30pt, 84.00pt)),)),
    (from: 4, to: 5, head-from: "none", head-to: "arrow-open", style: "solid", from-side: "bot", to-side: "top", from-x: 175.30pt, to-x: 175.30pt, path: ((c1: (175.30pt, 194.00pt), c2: (175.30pt, 194.00pt), end: (175.30pt, 212.00pt)),)),
    (from: 3, to: 4, head-from: "none", head-to: "arrow-open", style: "solid", from-side: "bot", to-side: "top", from-x: 175.30pt, to-x: 175.30pt, path: ((c1: (175.30pt, 130.00pt), c2: (175.30pt, 130.00pt), end: (175.30pt, 148.00pt)),)),
  ),
)
