#set page(width: auto, height: auto, margin: 8pt)
#set text(size: 10pt)
#import "/blockcell/lib.typ": *

#align(center)[*M5 core desc-family painters*]

#cuca-layout(
  classes: (
    (x: 122.33pt, y: 12.00pt, width: 24.00pt, height: 47.58pt, kind: "actor", name: [Alice], fields: (), methods: ()),
    (x: 162.99pt, y: 12.00pt, width: 69.78pt, height: 47.58pt, kind: "actor", name: [Business Analyst], fields: (), methods: ()),
    (x: 117.43pt, y: 92.91pt, width: 97.35pt, height: 18.45pt, kind: "component", name: [WebFrontend], fields: (), methods: ()),
    (x: 12.00pt, y: 152.47pt, width: 93.63pt, height: 18.45pt, kind: "component", name: [Auth Service], fields: (), methods: ()),
    (x: 85.43pt, y: 212.03pt, width: 54.07pt, height: 44.00pt, kind: "database", name: [Postgres], fields: (), methods: ()),
    (x: 232.66pt, y: 212.03pt, width: 75.46pt, height: 44.00pt, kind: "database", name: [Analytics DB], fields: (), methods: ()),
    (x: 122.30pt, y: 144.70pt, width: 87.62pt, height: 34.00pt, kind: "node", name: [AppServer-01], fields: (), methods: ()),
    (x: 226.58pt, y: 144.70pt, width: 87.62pt, height: 34.00pt, kind: "node", name: [AppServer-02], fields: (), methods: ()),
  ),
  edges: (
    (from: 0, to: 2, head-from: "none", head-to: "arrow-open", style: "solid", from-side: "bot", to-side: "top", from-x: 134.33pt, to-x: 149.88pt, path: ((c1: (139.51pt, 70.69pt), c2: (144.70pt, 81.80pt), end: (149.88pt, 92.91pt)),)),
    (from: 1, to: 2, head-from: "none", head-to: "arrow-open", style: "solid", from-side: "bot", to-side: "top", from-x: 197.88pt, to-x: 182.33pt, path: ((c1: (192.70pt, 70.69pt), c2: (187.52pt, 81.80pt), end: (182.33pt, 92.91pt)),)),
    (from: 2, to: 3, head-from: "none", head-to: "arrow-open", style: "solid", from-side: "bot", to-side: "top", from-x: 141.77pt, to-x: 58.81pt, path: ((c1: (141.77pt, 114.14pt), c2: (141.77pt, 116.92pt), end: (141.77pt, 119.70pt)), (c1: (141.77pt, 124.30pt), c2: (138.04pt, 128.03pt), end: (133.44pt, 128.03pt)), (c1: (111.34pt, 128.03pt), c2: (89.24pt, 128.03pt), end: (67.15pt, 128.03pt)), (c1: (62.55pt, 128.03pt), c2: (58.81pt, 131.76pt), end: (58.81pt, 136.36pt)), (c1: (58.81pt, 141.73pt), c2: (58.81pt, 147.10pt), end: (58.81pt, 152.47pt)))),
    (from: 3, to: 4, head-from: "none", head-to: "arrow-open", style: "solid", from-side: "bot", to-side: "top", from-x: 58.81pt, to-x: 103.45pt, path: ((c1: (58.81pt, 176.29pt), c2: (58.81pt, 181.66pt), end: (58.81pt, 187.03pt)), (c1: (58.81pt, 191.63pt), c2: (62.55pt, 195.36pt), end: (67.15pt, 195.36pt)), (c1: (76.47pt, 195.36pt), c2: (85.79pt, 195.36pt), end: (95.12pt, 195.36pt)), (c1: (99.72pt, 195.36pt), c2: (103.45pt, 199.09pt), end: (103.45pt, 203.70pt)), (c1: (103.45pt, 206.47pt), c2: (103.45pt, 209.25pt), end: (103.45pt, 212.03pt)))),
    (from: 2, to: 6, head-from: "none", head-to: "arrow-open", style: "solid", from-side: "bot", to-side: "top", from-x: 166.11pt, to-x: 166.11pt, path: ((c1: (166.11pt, 122.47pt), c2: (166.11pt, 133.59pt), end: (166.11pt, 144.70pt)),)),
    (from: 2, to: 7, head-from: "none", head-to: "arrow-open", style: "solid", from-side: "bot", to-side: "top", from-x: 190.44pt, to-x: 270.39pt, path: ((c1: (190.44pt, 114.14pt), c2: (190.44pt, 116.92pt), end: (190.44pt, 119.70pt)), (c1: (190.44pt, 124.30pt), c2: (194.18pt, 128.03pt), end: (198.78pt, 128.03pt)), (c1: (219.87pt, 128.03pt), c2: (240.97pt, 128.03pt), end: (262.06pt, 128.03pt)), (c1: (266.66pt, 128.03pt), c2: (270.39pt, 131.76pt), end: (270.39pt, 136.36pt)), (c1: (270.39pt, 139.14pt), c2: (270.39pt, 141.92pt), end: (270.39pt, 144.70pt)))),
    (from: 6, to: 4, head-from: "none", head-to: "arrow-open", style: "solid", from-side: "bot", to-side: "top", from-x: 166.11pt, to-x: 121.47pt, path: ((c1: (166.11pt, 181.47pt), c2: (166.11pt, 184.25pt), end: (166.11pt, 187.03pt)), (c1: (166.11pt, 191.63pt), c2: (162.38pt, 195.36pt), end: (157.77pt, 195.36pt)), (c1: (148.45pt, 195.36pt), c2: (139.13pt, 195.36pt), end: (129.81pt, 195.36pt)), (c1: (125.20pt, 195.36pt), c2: (121.47pt, 199.09pt), end: (121.47pt, 203.70pt)), (c1: (121.47pt, 206.47pt), c2: (121.47pt, 209.25pt), end: (121.47pt, 212.03pt)))),
    (from: 7, to: 5, head-from: "none", head-to: "arrow-open", style: "solid", from-side: "bot", to-side: "top", from-x: 270.39pt, to-x: 270.39pt, path: ((c1: (270.39pt, 189.81pt), c2: (270.39pt, 200.92pt), end: (270.39pt, 212.03pt)),)),
  ),
)
