#set page(width: auto, height: auto, margin: 8pt)
#set text(size: 10pt)
#import "/blockcell/lib.typ": *

#align(center)[*All M5 USymbol painters*]

#cuca-layout(
  classes: (
    (x: 75.81pt, y: 18.00pt, width: 24.00pt, height: 47.58pt, kind: "actor", name: [Alice], fields: (), methods: ()),
    (x: 63.81pt, y: 101.58pt, width: 48.00pt, height: 28.00pt, kind: "usecase", name: [Login], fields: (), methods: ()),
    (x: 50.51pt, y: 165.58pt, width: 74.61pt, height: 18.45pt, kind: "component", name: [WebApp], fields: (), methods: ()),
    (x: 15.00pt, y: 220.03pt, width: 54.07pt, height: 44.00pt, kind: "database", name: [Postgres], fields: (), methods: ()),
    (x: 99.07pt, y: 220.03pt, width: 69.05pt, height: 34.00pt, kind: "node", name: [App Host], fields: (), methods: ()),
    (x: 89.31pt, y: 300.03pt, width: 88.57pt, height: 40.00pt, kind: "cloud", name: [Public Internet], fields: (), methods: ()),
    (x: 209.47pt, y: 18.00pt, width: 43.95pt, height: 24.00pt, kind: "rectangle", name: [Plain], fields: (), methods: ()),
    (x: 194.93pt, y: 78.00pt, width: 73.05pt, height: 32.00pt, kind: "folder", name: [Source Tree], fields: (), methods: ()),
    (x: 201.45pt, y: 146.00pt, width: 60.00pt, height: 40.00pt, kind: "frame", name: [UI Layer], fields: (), methods: ()),
    (x: 198.12pt, y: 222.00pt, width: 66.66pt, height: 30.00pt, kind: "file", name: [Readme], fields: (), methods: ()),
  ),
  edges: (
    (from: 0, to: 1, head-from: "none", head-to: "arrow-open", style: "solid", from-side: "bot", to-side: "top", from-x: 87.81pt, to-x: 87.81pt, path: ((c1: (87.81pt, 77.58pt), c2: (87.81pt, 89.58pt), end: (87.81pt, 101.58pt)),)),
    (from: 1, to: 2, head-from: "none", head-to: "arrow-open", style: "solid", from-side: "bot", to-side: "top", from-x: 87.81pt, to-x: 87.81pt, path: ((c1: (87.81pt, 141.58pt), c2: (87.81pt, 153.58pt), end: (87.81pt, 165.58pt)),)),
    (from: 2, to: 3, head-from: "none", head-to: "arrow-open", style: "solid", from-side: "bot", to-side: "top", from-x: 87.81pt, to-x: 42.03pt, path: ((c1: (72.55pt, 196.03pt), c2: (57.30pt, 208.03pt), end: (42.03pt, 220.03pt)),)),
    (from: 2, to: 4, head-from: "none", head-to: "arrow-open", style: "solid", from-side: "bot", to-side: "top", from-x: 87.81pt, to-x: 133.60pt, path: ((c1: (103.08pt, 196.03pt), c2: (118.34pt, 208.03pt), end: (133.60pt, 220.03pt)),)),
    (from: 4, to: 5, head-from: "none", head-to: "arrow-open", style: "solid", from-side: "bot", to-side: "top", from-x: 133.60pt, to-x: 133.60pt, path: ((c1: (133.60pt, 269.36pt), c2: (133.60pt, 284.70pt), end: (133.60pt, 300.03pt)),)),
    (from: 6, to: 7, head-from: "none", head-to: "arrow-open", style: "solid", from-side: "bot", to-side: "top", from-x: 231.45pt, to-x: 231.45pt, path: ((c1: (231.45pt, 54.00pt), c2: (231.45pt, 66.00pt), end: (231.45pt, 78.00pt)),)),
    (from: 7, to: 8, head-from: "none", head-to: "arrow-open", style: "solid", from-side: "bot", to-side: "top", from-x: 231.45pt, to-x: 231.45pt, path: ((c1: (231.45pt, 122.00pt), c2: (231.45pt, 134.00pt), end: (231.45pt, 146.00pt)),)),
    (from: 8, to: 9, head-from: "none", head-to: "arrow-open", style: "solid", from-side: "bot", to-side: "top", from-x: 231.45pt, to-x: 231.45pt, path: ((c1: (231.45pt, 198.00pt), c2: (231.45pt, 210.00pt), end: (231.45pt, 222.00pt)),)),
  ),
)
