#set page(width: auto, height: auto, margin: 8pt)
#set text(size: 10pt)
#import "/blockcell/lib.typ": *

#cuca-layout(
  classes: (
    (x: 29.00pt, y: 43.48pt, width: 38.54pt, height: 17.00pt, kind: "class", name: [A1], fields: (), methods: ()),
    (x: 125.54pt, y: 43.48pt, width: 37.68pt, height: 17.00pt, kind: "class", name: [B1], fields: (), methods: ()),
    (x: 221.22pt, y: 43.48pt, width: 38.20pt, height: 17.00pt, kind: "class", name: [C1], fields: (), methods: ()),
    (x: 221.16pt, y: 135.97pt, width: 38.32pt, height: 17.00pt, kind: "class", name: [X1], fields: (), methods: ()),
    (x: 125.69pt, y: 135.97pt, width: 37.38pt, height: 17.00pt, kind: "class", name: [Y1], fields: (), methods: ()),
    (x: 29.58pt, y: 135.97pt, width: 37.38pt, height: 17.00pt, kind: "class", name: [Z1], fields: (), methods: ()),
  ),
  packages: (
    (x: 3.00pt, y: 6.00pt, w: 90.54pt, h: 80.48pt, kind: "package", label: [PkgA]),
    (x: 99.54pt, y: 6.00pt, w: 89.68pt, h: 80.48pt, kind: "package", label: [PkgB]),
    (x: 195.22pt, y: 6.00pt, w: 90.20pt, h: 80.48pt, kind: "package", label: [PkgC]),
    (x: 195.16pt, y: 98.48pt, w: 90.32pt, h: 80.48pt, kind: "package", label: [SinkX]),
    (x: 99.69pt, y: 98.48pt, w: 89.38pt, h: 80.48pt, kind: "package", label: [SinkY]),
    (x: 3.58pt, y: 98.48pt, w: 89.38pt, h: 80.48pt, kind: "package", label: [SinkZ]),
  ),
  edges: (
    (from: 0, to: 5, head-from: "none", head-to: "arrow-open", style: "solid", from-side: "bot", to-side: "top", from-x: 48.27pt, to-x: 48.27pt, path: ((c1: (48.27pt, 85.64pt), c2: (48.27pt, 110.80pt), end: (48.27pt, 135.97pt)),)),
    (from: 1, to: 4, head-from: "none", head-to: "arrow-open", style: "solid", from-side: "bot", to-side: "top", from-x: 144.38pt, to-x: 144.38pt, path: ((c1: (144.38pt, 85.64pt), c2: (144.38pt, 110.80pt), end: (144.38pt, 135.97pt)),)),
    (from: 2, to: 3, head-from: "none", head-to: "arrow-open", style: "solid", from-side: "bot", to-side: "top", from-x: 240.32pt, to-x: 240.32pt, path: ((c1: (240.32pt, 85.64pt), c2: (240.32pt, 110.80pt), end: (240.32pt, 135.97pt)),)),
  ),
)
