#set page(width: auto, height: auto, margin: 8pt)
#set text(size: 10pt)
#import "/blockcell/lib.typ": *

#cuca-layout(
  classes: (
    (x: 33.33pt, y: 53.15pt, width: 38.54pt, height: 17.00pt, kind: "class", name: [A1], fields: (), methods: ()),
    (x: 138.54pt, y: 53.15pt, width: 37.68pt, height: 17.00pt, kind: "class", name: [B1], fields: (), methods: ()),
    (x: 242.89pt, y: 53.15pt, width: 38.20pt, height: 17.00pt, kind: "class", name: [C1], fields: (), methods: ()),
    (x: 242.83pt, y: 164.97pt, width: 38.32pt, height: 17.00pt, kind: "class", name: [X1], fields: (), methods: ()),
    (x: 138.69pt, y: 164.97pt, width: 37.38pt, height: 17.00pt, kind: "class", name: [Y1], fields: (), methods: ()),
    (x: 33.91pt, y: 164.97pt, width: 37.38pt, height: 17.00pt, kind: "class", name: [Z1], fields: (), methods: ()),
  ),
  packages: (
    (x: 8.33pt, y: 16.67pt, w: 88.54pt, h: 78.48pt, kind: "package", label: [PkgA]),
    (x: 113.54pt, y: 16.67pt, w: 87.68pt, h: 78.48pt, kind: "package", label: [PkgB]),
    (x: 217.89pt, y: 16.67pt, w: 88.20pt, h: 78.48pt, kind: "package", label: [PkgC]),
    (x: 217.83pt, y: 128.48pt, w: 88.32pt, h: 78.48pt, kind: "package", label: [SinkX]),
    (x: 113.69pt, y: 128.48pt, w: 87.38pt, h: 78.48pt, kind: "package", label: [SinkY]),
    (x: 8.91pt, y: 128.48pt, w: 87.38pt, h: 78.48pt, kind: "package", label: [SinkZ]),
  ),
  edges: (
    (from: 0, to: 5, head-from: "none", head-to: "arrow-open", style: "solid", from-side: "bot", to-side: "top", from-x: 52.60pt, to-x: 52.60pt, path: ((c1: (52.60pt, 101.75pt), c2: (52.60pt, 133.36pt), end: (52.60pt, 164.97pt)),)),
    (from: 1, to: 4, head-from: "none", head-to: "arrow-open", style: "solid", from-side: "bot", to-side: "top", from-x: 157.38pt, to-x: 157.38pt, path: ((c1: (157.38pt, 101.75pt), c2: (157.38pt, 133.36pt), end: (157.38pt, 164.97pt)),)),
    (from: 2, to: 3, head-from: "none", head-to: "arrow-open", style: "solid", from-side: "bot", to-side: "top", from-x: 261.99pt, to-x: 261.99pt, path: ((c1: (261.99pt, 101.75pt), c2: (261.99pt, 133.36pt), end: (261.99pt, 164.97pt)),)),
  ),
)
