#set page(width: auto, height: auto, margin: 8pt)
#set text(size: 10pt)
#import "/blockcell/lib.typ": *

#class-layout(
  classes: (
    (x: 58.30pt, y: 18.00pt, width: 52.03pt, height: 17.00pt, kind: "class", name: [Outer], fields: (), methods: ()),
    (x: 29.00pt, y: 85.00pt, width: 33.40pt, height: 17.00pt, kind: "class", name: [A], fields: (), methods: ()),
    (x: 29.43pt, y: 138.00pt, width: 32.54pt, height: 17.00pt, kind: "class", name: [B], fields: (), methods: ()),
    (x: 106.40pt, y: 71.00pt, width: 33.06pt, height: 17.00pt, kind: "class", name: [C], fields: (), methods: ()),
  ),
  packages: (
    (x: 3.00pt, y: 59.00pt, w: 85.40pt, h: 122.00pt, kind: "together", label: []),
  ),
  edges: (
    (from: 1, to: 2, head-from: "none", head-to: "arrow-open", style: "solid", from-side: "bot", to-side: "top", from-x: 45.70pt, to-x: 45.70pt, path: ((c1: (45.70pt, 120.00pt), c2: (45.70pt, 120.00pt), end: (45.70pt, 138.00pt)),)),
    (from: 0, to: 1, head-from: "none", head-to: "arrow-open", style: "solid", from-side: "bot", to-side: "top", path: ((c1: (84.32pt, 54.00pt), c2: (45.70pt, 54.00pt), end: (45.70pt, 73.00pt)), (c1: (45.70pt, 77.00pt), c2: (45.70pt, 81.00pt), end: (45.70pt, 85.00pt)))),
    (from: 0, to: 3, head-from: "none", head-to: "arrow-open", style: "solid", from-side: "bot", to-side: "top", path: ((c1: (84.32pt, 47.00pt), c2: (122.93pt, 47.00pt), end: (122.93pt, 59.00pt)), (c1: (122.93pt, 63.00pt), c2: (122.93pt, 67.00pt), end: (122.93pt, 71.00pt)))),
  ),
)
