#set page(width: auto, height: auto, margin: 8pt)
#set text(size: 10pt)
#import "/blockcell/lib.typ": *

#cuca-layout(
  classes: (
    (x: 59.38pt, y: 16.67pt, width: 52.03pt, height: 17.00pt, kind: "class", name: [Outer], fields: (), methods: ()),
    (x: 33.33pt, y: 92.00pt, width: 33.40pt, height: 17.00pt, kind: "class", name: [A], fields: (), methods: ()),
    (x: 33.76pt, y: 142.33pt, width: 32.54pt, height: 17.00pt, kind: "class", name: [B], fields: (), methods: ()),
    (x: 104.23pt, y: 67.00pt, width: 33.06pt, height: 17.00pt, kind: "class", name: [C], fields: (), methods: ()),
  ),
  packages: (
    (x: 8.33pt, y: 67.00pt, w: 83.40pt, h: 117.33pt, kind: "together", label: []),
  ),
  edges: (
    (from: 1, to: 2, head-from: "none", head-to: "arrow-open", style: "solid", from-side: "bot", to-side: "top", from-x: 50.03pt, to-x: 50.03pt, path: ((c1: (50.03pt, 120.11pt), c2: (50.03pt, 131.22pt), end: (50.03pt, 142.33pt)),)),
    (from: 0, to: 1, head-from: "none", head-to: "arrow-open", style: "solid", from-side: "bot", to-side: "top", from-x: 85.40pt, to-x: 50.03pt, path: ((c1: (73.61pt, 53.11pt), c2: (61.82pt, 72.56pt), end: (50.03pt, 92.00pt)),)),
    (from: 0, to: 3, head-from: "none", head-to: "arrow-open", style: "solid", from-side: "bot", to-side: "top", from-x: 85.40pt, to-x: 120.76pt, path: ((c1: (97.19pt, 44.78pt), c2: (108.98pt, 55.89pt), end: (120.76pt, 67.00pt)),)),
  ),
)
